20:20:10 **** Build of configuration Debug for project test_PWM ****
make -j12 all 
arm-none-eabi-gcc "../Core/Src/main.c" -mcpu=cortex-m4 -std=gnu11 -g3 -DDEBUG -DUSE_HAL_DRIVER -DSTM32F407xx -c -I../Core/Inc -I../Drivers/STM32F4xx_HAL_Driver/Inc -I../Drivers/STM32F4xx_HAL_Driver/Inc/Legacy -I../Drivers/CMSIS/Device/ST/STM32F4xx/Include -I../Drivers/CMSIS/Include -O0 -ffunction-sections -fdata-sections -Wall -fstack-usage -fcyclomatic-complexity -MMD -MP -MF"Core/Src/main.d" -MT"Core/Src/main.o" --specs=nano.specs -mfpu=fpv4-sp-d16 -mfloat-abi=hard -mthumb -o "Core/Src/main.o"
arm-none-eabi-gcc "../Core/Src/stm32f4xx_hal_msp.c" -mcpu=cortex-m4 -std=gnu11 -g3 -DDEBUG -DUSE_HAL_DRIVER -DSTM32F407xx -c -I../Core/Inc -I../Drivers/STM32F4xx_HAL_Driver/Inc -I../Drivers/STM32F4xx_HAL_Driver/Inc/Legacy -I../Drivers/CMSIS/Device/ST/STM32F4xx/Include -I../Drivers/CMSIS/Include -O0 -ffunction-sections -fdata-sections -Wall -fstack-usage -fcyclomatic-complexity -MMD -MP -MF"Core/Src/stm32f4xx_hal_msp.d" -MT"Core/Src/stm32f4xx_hal_msp.o" --specs=nano.specs -mfpu=fpv4-sp-d16 -mfloat-abi=hard -mthumb -o "Core/Src/stm32f4xx_hal_msp.o"
../Core/Src/main.c: In function 'main':
../Core/Src/main.c:100:9: warning: implicit declaration of function 'HAL_HAL_TIM_Base_Start'; did you mean 'HAL_TIM_Base_Start'? [-Wimplicit-function-declaration]
  100 |         HAL_HAL_TIM_Base_Start(&htim6);
      |         ^~~~~~~~~~~~~~~~~~~~~~
      |         HAL_TIM_Base_Start
arm-none-eabi-gcc -o "test_PWM.elf" @"objects.list"   -mcpu=cortex-m4 -T"C:\Users\stoluzarov\Documents\stm32\projects\test_PWM\STM32F407VGTX_FLASH.ld" --specs=nosys.specs -Wl,-Map="test_PWM.map" -Wl,--gc-sections -static --specs=nano.specs -mfpu=fpv4-sp-d16 -mfloat-abi=hard -mthumb -Wl,--start-group -lc -lm -Wl,--end-group
C:/ST/STM32CubeIDE_2.0.0/STM32CubeIDE/plugins/com.st.stm32cube.ide.mcu.externaltools.gnu-tools-for-stm32.13.3.rel1.win32_1.0.100.202509120712/tools/bin/../lib/gcc/arm-none-eabi/13.3.1/../../../../arm-none-eabi/bin/ld.exe: warning: test_PWM.elf has a LOAD segment with RWX permissions
C:/ST/STM32CubeIDE_2.0.0/STM32CubeIDE/plugins/com.st.stm32cube.ide.mcu.externaltools.gnu-tools-for-stm32.13.3.rel1.win32_1.0.100.202509120712/tools/bin/../lib/gcc/arm-none-eabi/13.3.1/../../../../arm-none-eabi/bin/ld.exe: ./Core/Src/main.o: in function `main':
C:/Users/stoluzarov/Documents/stm32/projects/test_PWM/Debug/../Core/Src/main.c:100:(.text.main+0x3c): undefined reference to `HAL_HAL_TIM_Base_Start'
collect2.exe: error: ld returned 1 exit status
make: *** [makefile:64: test_PWM.elf] Error 1
"make -j12 all" terminated with exit code 2. Build might be incomplete.
20:23:23 **** Incremental Build of configuration Debug for project test_PWM ****
make -j12 all 
arm-none-eabi-gcc "../Core/Src/main.c" -mcpu=cortex-m4 -std=gnu11 -g3 -DDEBUG -DUSE_HAL_DRIVER -DSTM32F407xx -c -I../Core/Inc -I../Drivers/STM32F4xx_HAL_Driver/Inc -I../Drivers/STM32F4xx_HAL_Driver/Inc/Legacy -I../Drivers/CMSIS/Device/ST/STM32F4xx/Include -I../Drivers/CMSIS/Include -O0 -ffunction-sections -fdata-sections -Wall -fstack-usage -fcyclomatic-complexity -MMD -MP -MF"Core/Src/main.d" -MT"Core/Src/main.o" --specs=nano.specs -mfpu=fpv4-sp-d16 -mfloat-abi=hard -mthumb -o "Core/Src/main.o"
arm-none-eabi-gcc -o "test_PWM.elf" @"objects.list"   -mcpu=cortex-m4 -T"C:\Users\stoluzarov\Documents\stm32\projects\test_PWM\STM32F407VGTX_FLASH.ld" --specs=nosys.specs -Wl,-Map="test_PWM.map" -Wl,--gc-sections -static --specs=nano.specs -mfpu=fpv4-sp-d16 -mfloat-abi=hard -mthumb -Wl,--start-group -lc -lm -Wl,--end-group
C:/ST/STM32CubeIDE_2.0.0/STM32CubeIDE/plugins/com.st.stm32cube.ide.mcu.externaltools.gnu-tools-for-stm32.13.3.rel1.win32_1.0.100.202509120712/tools/bin/../lib/gcc/arm-none-eabi/13.3.1/../../../../arm-none-eabi/bin/ld.exe: warning: test_PWM.elf has a LOAD segment with RWX permissions
Finished building target: test_PWM.elf
 
arm-none-eabi-size  test_PWM.elf 
arm-none-eabi-objdump -h -S test_PWM.elf  > "test_PWM.list"
   text	   data	    bss	    dec	    hex	filename
  11044	     20	   1716	  12780	   31ec	test_PWM.elf
Finished building: default.size.stdout
 
Finished building: test_PWM.list
 
20:37:41 **** Incremental Build of configuration Debug for project test_PWM ****
make -j12 all 
arm-none-eabi-gcc "../Core/Src/main.c" -mcpu=cortex-m4 -std=gnu11 -g3 -DDEBUG -DUSE_HAL_DRIVER -DSTM32F407xx -c -I../Core/Inc -I../Drivers/STM32F4xx_HAL_Driver/Inc -I../Drivers/STM32F4xx_HAL_Driver/Inc/Legacy -I../Drivers/CMSIS/Device/ST/STM32F4xx/Include -I../Drivers/CMSIS/Include -O0 -ffunction-sections -fdata-sections -Wall -fstack-usage -fcyclomatic-complexity -MMD -MP -MF"Core/Src/main.d" -MT"Core/Src/main.o" --specs=nano.specs -mfpu=fpv4-sp-d16 -mfloat-abi=hard -mthumb -o "Core/Src/main.o"
arm-none-eabi-gcc "../Core/Src/stm32f4xx_hal_msp.c" -mcpu=cortex-m4 -std=gnu11 -g3 -DDEBUG -DUSE_HAL_DRIVER -DSTM32F407xx -c -I../Core/Inc -I../Drivers/STM32F4xx_HAL_Driver/Inc -I../Drivers/STM32F4xx_HAL_Driver/Inc/Legacy -I../Drivers/CMSIS/Device/ST/STM32F4xx/Include -I../Drivers/CMSIS/Include -O0 -ffunction-sections -fdata-sections -Wall -fstack-usage -fcyclomatic-complexity -MMD -MP -MF"Core/Src/stm32f4xx_hal_msp.d" -MT"Core/Src/stm32f4xx_hal_msp.o" --specs=nano.specs -mfpu=fpv4-sp-d16 -mfloat-abi=hard -mthumb -o "Core/Src/stm32f4xx_hal_msp.o"
arm-none-eabi-gcc "../Core/Src/stm32f4xx_it.c" -mcpu=cortex-m4 -std=gnu11 -g3 -DDEBUG -DUSE_HAL_DRIVER -DSTM32F407xx -c -I../Core/Inc -I../Drivers/STM32F4xx_HAL_Driver/Inc -I../Drivers/STM32F4xx_HAL_Driver/Inc/Legacy -I../Drivers/CMSIS/Device/ST/STM32F4xx/Include -I../Drivers/CMSIS/Include -O0 -ffunction-sections -fdata-sections -Wall -fstack-usage -fcyclomatic-complexity -MMD -MP -MF"Core/Src/stm32f4xx_it.d" -MT"Core/Src/stm32f4xx_it.o" --specs=nano.specs -mfpu=fpv4-sp-d16 -mfloat-abi=hard -mthumb -o "Core/Src/stm32f4xx_it.o"
../Core/Src/main.c: In function 'main':
../Core/Src/main.c:119:19: warning: implicit declaration of function 'HAL_TIM_PWM_STOP'; did you mean 'HAL_TIM_PWM_Stop'? [-Wimplicit-function-declaration]
  119 |                   HAL_TIM_PWM_STOP(&htim4, TIM_CHANNEL_1);
      |                   ^~~~~~~~~~~~~~~~
      |                   HAL_TIM_PWM_Stop
../Core/Src/main.c:120:19: warning: implicit declaration of function 'HAL_TIM_WritePin'; did you mean 'HAL_GPIO_WritePin'? [-Wimplicit-function-declaration]
  120 |                   HAL_TIM_WritePin(GPIOD, GPIO15)==0X00;
      |                   ^~~~~~~~~~~~~~~~
      |                   HAL_GPIO_WritePin
../Core/Src/main.c:120:43: error: 'GPIO15' undeclared (first use in this function); did you mean 'GPIOH'?
  120 |                   HAL_TIM_WritePin(GPIOD, GPIO15)==0X00;
      |                                           ^~~~~~
      |                                           GPIOH
../Core/Src/main.c:120:43: note: each undeclared identifier is reported only once for each function it appears in
make: *** [Core/Src/subdir.mk:34: Core/Src/main.o] Error 1
make: *** Waiting for unfinished jobs....
"make -j12 all" terminated with exit code 2. Build might be incomplete.
20:39:39 **** Incremental Build of configuration Debug for project test_PWM ****
make -j12 all 
arm-none-eabi-gcc "../Core/Src/main.c" -mcpu=cortex-m4 -std=gnu11 -g3 -DDEBUG -DUSE_HAL_DRIVER -DSTM32F407xx -c -I../Core/Inc -I../Drivers/STM32F4xx_HAL_Driver/Inc -I../Drivers/STM32F4xx_HAL_Driver/Inc/Legacy -I../Drivers/CMSIS/Device/ST/STM32F4xx/Include -I../Drivers/CMSIS/Include -O0 -ffunction-sections -fdata-sections -Wall -fstack-usage -fcyclomatic-complexity -MMD -MP -MF"Core/Src/main.d" -MT"Core/Src/main.o" --specs=nano.specs -mfpu=fpv4-sp-d16 -mfloat-abi=hard -mthumb -o "Core/Src/main.o"
../Core/Src/main.c: In function 'main':
../Core/Src/main.c:119:19: warning: implicit declaration of function 'HAL_TIM_PWM_STOP'; did you mean 'HAL_TIM_PWM_Stop'? [-Wimplicit-function-declaration]
  119 |                   HAL_TIM_PWM_STOP(&htim4, TIM_CHANNEL_1);
      |                   ^~~~~~~~~~~~~~~~
      |                   HAL_TIM_PWM_Stop
../Core/Src/main.c:120:19: warning: implicit declaration of function 'HAL_TIM_WritePin'; did you mean 'HAL_GPIO_WritePin'? [-Wimplicit-function-declaration]
  120 |                   HAL_TIM_WritePin(GPIOD, GPIO_PIN_15)==0X00;
      |                   ^~~~~~~~~~~~~~~~
      |                   HAL_GPIO_WritePin
../Core/Src/main.c:120:55: warning: value computed is not used [-Wunused-value]
  120 |                   HAL_TIM_WritePin(GPIOD, GPIO_PIN_15)==0X00;
      |                   ~~~~~~~~~~~~~~~~~~~~~~~~~~~~~~~~~~~~^~~~~~
arm-none-eabi-gcc -o "test_PWM.elf" @"objects.list"   -mcpu=cortex-m4 -T"C:\Users\stoluzarov\Documents\stm32\projects\test_PWM\STM32F407VGTX_FLASH.ld" --specs=nosys.specs -Wl,-Map="test_PWM.map" -Wl,--gc-sections -static --specs=nano.specs -mfpu=fpv4-sp-d16 -mfloat-abi=hard -mthumb -Wl,--start-group -lc -lm -Wl,--end-group
C:/ST/STM32CubeIDE_2.0.0/STM32CubeIDE/plugins/com.st.stm32cube.ide.mcu.externaltools.gnu-tools-for-stm32.13.3.rel1.win32_1.0.100.202509120712/tools/bin/../lib/gcc/arm-none-eabi/13.3.1/../../../../arm-none-eabi/bin/ld.exe: warning: test_PWM.elf has a LOAD segment with RWX permissions
C:/ST/STM32CubeIDE_2.0.0/STM32CubeIDE/plugins/com.st.stm32cube.ide.mcu.externaltools.gnu-tools-for-stm32.13.3.rel1.win32_1.0.100.202509120712/tools/bin/../lib/gcc/arm-none-eabi/13.3.1/../../../../arm-none-eabi/bin/ld.exe: ./Core/Src/main.o: in function `main':
C:/Users/stoluzarov/Documents/stm32/projects/test_PWM/Debug/../Core/Src/main.c:119:(.text.main+0xa0): undefined reference to `HAL_TIM_PWM_STOP'
C:/ST/STM32CubeIDE_2.0.0/STM32CubeIDE/plugins/com.st.stm32cube.ide.mcu.externaltools.gnu-tools-for-stm32.13.3.rel1.win32_1.0.100.202509120712/tools/bin/../lib/gcc/arm-none-eabi/13.3.1/../../../../arm-none-eabi/bin/ld.exe: C:/Users/stoluzarov/Documents/stm32/projects/test_PWM/Debug/../Core/Src/main.c:120:(.text.main+0xaa): undefined reference to `HAL_TIM_WritePin'
collect2.exe: error: ld returned 1 exit status
make: *** [makefile:64: test_PWM.elf] Error 1
"make -j12 all" terminated with exit code 2. Build might be incomplete.
20:41:12 **** Incremental Build of configuration Debug for project test_PWM ****
make -j12 all 
arm-none-eabi-gcc "../Core/Src/main.c" -mcpu=cortex-m4 -std=gnu11 -g3 -DDEBUG -DUSE_HAL_DRIVER -DSTM32F407xx -c -I../Core/Inc -I../Drivers/STM32F4xx_HAL_Driver/Inc -I../Drivers/STM32F4xx_HAL_Driver/Inc/Legacy -I../Drivers/CMSIS/Device/ST/STM32F4xx/Include -I../Drivers/CMSIS/Include -O0 -ffunction-sections -fdata-sections -Wall -fstack-usage -fcyclomatic-complexity -MMD -MP -MF"Core/Src/main.d" -MT"Core/Src/main.o" --specs=nano.specs -mfpu=fpv4-sp-d16 -mfloat-abi=hard -mthumb -o "Core/Src/main.o"
../Core/Src/main.c: In function 'main':
../Core/Src/main.c:119:19: warning: implicit declaration of function 'HAL_TIM_PWM_STOP'; did you mean 'HAL_TIM_PWM_Stop'? [-Wimplicit-function-declaration]
  119 |                   HAL_TIM_PWM_STOP(&htim4, TIM_CHANNEL_1);
      |                   ^~~~~~~~~~~~~~~~
      |                   HAL_TIM_PWM_Stop
../Core/Src/main.c:120:19: warning: implicit declaration of function 'HAL_TIM_WritePin'; did you mean 'HAL_GPIO_WritePin'? [-Wimplicit-function-declaration]
  120 |                   HAL_TIM_WritePin(GPIOD, GPIO_PIN_15, GPIO_PIN_RESET);
      |                   ^~~~~~~~~~~~~~~~
      |                   HAL_GPIO_WritePin
arm-none-eabi-gcc -o "test_PWM.elf" @"objects.list"   -mcpu=cortex-m4 -T"C:\Users\stoluzarov\Documents\stm32\projects\test_PWM\STM32F407VGTX_FLASH.ld" --specs=nosys.specs -Wl,-Map="test_PWM.map" -Wl,--gc-sections -static --specs=nano.specs -mfpu=fpv4-sp-d16 -mfloat-abi=hard -mthumb -Wl,--start-group -lc -lm -Wl,--end-group
C:/ST/STM32CubeIDE_2.0.0/STM32CubeIDE/plugins/com.st.stm32cube.ide.mcu.externaltools.gnu-tools-for-stm32.13.3.rel1.win32_1.0.100.202509120712/tools/bin/../lib/gcc/arm-none-eabi/13.3.1/../../../../arm-none-eabi/bin/ld.exe: warning: test_PWM.elf has a LOAD segment with RWX permissions
C:/ST/STM32CubeIDE_2.0.0/STM32CubeIDE/plugins/com.st.stm32cube.ide.mcu.externaltools.gnu-tools-for-stm32.13.3.rel1.win32_1.0.100.202509120712/tools/bin/../lib/gcc/arm-none-eabi/13.3.1/../../../../arm-none-eabi/bin/ld.exe: ./Core/Src/main.o: in function `main':
C:/Users/stoluzarov/Documents/stm32/projects/test_PWM/Debug/../Core/Src/main.c:119:(.text.main+0xa0): undefined reference to `HAL_TIM_PWM_STOP'
C:/ST/STM32CubeIDE_2.0.0/STM32CubeIDE/plugins/com.st.stm32cube.ide.mcu.externaltools.gnu-tools-for-stm32.13.3.rel1.win32_1.0.100.202509120712/tools/bin/../lib/gcc/arm-none-eabi/13.3.1/../../../../arm-none-eabi/bin/ld.exe: C:/Users/stoluzarov/Documents/stm32/projects/test_PWM/Debug/../Core/Src/main.c:120:(.text.main+0xac): undefined reference to `HAL_TIM_WritePin'
collect2.exe: error: ld returned 1 exit status
make: *** [makefile:64: test_PWM.elf] Error 1
"make -j12 all" terminated with exit code 2. Build might be incomplete.
20:42:31 **** Incremental Build of configuration Debug for project test_PWM ****
make -j12 all 
arm-none-eabi-gcc "../Core/Src/main.c" -mcpu=cortex-m4 -std=gnu11 -g3 -DDEBUG -DUSE_HAL_DRIVER -DSTM32F407xx -c -I../Core/Inc -I../Drivers/STM32F4xx_HAL_Driver/Inc -I../Drivers/STM32F4xx_HAL_Driver/Inc/Legacy -I../Drivers/CMSIS/Device/ST/STM32F4xx/Include -I../Drivers/CMSIS/Include -O0 -ffunction-sections -fdata-sections -Wall -fstack-usage -fcyclomatic-complexity -MMD -MP -MF"Core/Src/main.d" -MT"Core/Src/main.o" --specs=nano.specs -mfpu=fpv4-sp-d16 -mfloat-abi=hard -mthumb -o "Core/Src/main.o"
arm-none-eabi-gcc -o "test_PWM.elf" @"objects.list"   -mcpu=cortex-m4 -T"C:\Users\stoluzarov\Documents\stm32\projects\test_PWM\STM32F407VGTX_FLASH.ld" --specs=nosys.specs -Wl,-Map="test_PWM.map" -Wl,--gc-sections -static --specs=nano.specs -mfpu=fpv4-sp-d16 -mfloat-abi=hard -mthumb -Wl,--start-group -lc -lm -Wl,--end-group
C:/ST/STM32CubeIDE_2.0.0/STM32CubeIDE/plugins/com.st.stm32cube.ide.mcu.externaltools.gnu-tools-for-stm32.13.3.rel1.win32_1.0.100.202509120712/tools/bin/../lib/gcc/arm-none-eabi/13.3.1/../../../../arm-none-eabi/bin/ld.exe: warning: test_PWM.elf has a LOAD segment with RWX permissions
Finished building target: test_PWM.elf
 
arm-none-eabi-size  test_PWM.elf 
arm-none-eabi-objdump -h -S test_PWM.elf  > "test_PWM.list"
   text	   data	    bss	    dec	    hex	filename
  11180	     20	   1716	  12916	   3274	test_PWM.elf
Finished building: default.size.stdout
 
Finished building: test_PWM.list
 
20:42:49 **** Incremental Build of configuration Debug for project test_PWM ****
make -j12 all 
arm-none-eabi-size  test_PWM.elf 
   text	   data	    bss	    dec	    hex	filename
  11180	     20	   1716	  12916	   3274	test_PWM.elf
Finished building: default.size.stdout
 
20:52:26 **** Incremental Build of configuration Debug for project test_PWM ****
make -j12 all 
arm-none-eabi-gcc "../Core/Src/main.c" -mcpu=cortex-m4 -std=gnu11 -g3 -DDEBUG -DUSE_HAL_DRIVER -DSTM32F407xx -c -I../Core/Inc -I../Drivers/STM32F4xx_HAL_Driver/Inc -I../Drivers/STM32F4xx_HAL_Driver/Inc/Legacy -I../Drivers/CMSIS/Device/ST/STM32F4xx/Include -I../Drivers/CMSIS/Include -O0 -ffunction-sections -fdata-sections -Wall -fstack-usage -fcyclomatic-complexity -MMD -MP -MF"Core/Src/main.d" -MT"Core/Src/main.o" --specs=nano.specs -mfpu=fpv4-sp-d16 -mfloat-abi=hard -mthumb -o "Core/Src/main.o"
../Core/Src/main.c: In function 'main':
../Core/Src/main.c:119:19: warning: implicit declaration of function 'HAL_TIM_PWM_STOP'; did you mean 'HAL_TIM_PWM_Stop'? [-Wimplicit-function-declaration]
  119 |                   HAL_TIM_PWM_STOP(&htim4, TIM_CHANNEL_1);
      |                   ^~~~~~~~~~~~~~~~
      |                   HAL_TIM_PWM_Stop
../Core/Src/main.c:122:19: warning: implicit declaration of function 'HAL_TIM_WritePin'; did you mean 'HAL_GPIO_WritePin'? [-Wimplicit-function-declaration]
  122 |                   HAL_TIM_WritePin(GPIOD, GPIO_PIN_15, GPIO_PIN_RESET);
      |                   ^~~~~~~~~~~~~~~~
      |                   HAL_GPIO_WritePin
arm-none-eabi-gcc -o "test_PWM.elf" @"objects.list"   -mcpu=cortex-m4 -T"C:\Users\stoluzarov\Documents\stm32\projects\test_PWM\STM32F407VGTX_FLASH.ld" --specs=nosys.specs -Wl,-Map="test_PWM.map" -Wl,--gc-sections -static --specs=nano.specs -mfpu=fpv4-sp-d16 -mfloat-abi=hard -mthumb -Wl,--start-group -lc -lm -Wl,--end-group
C:/ST/STM32CubeIDE_2.0.0/STM32CubeIDE/plugins/com.st.stm32cube.ide.mcu.externaltools.gnu-tools-for-stm32.13.3.rel1.win32_1.0.100.202509120712/tools/bin/../lib/gcc/arm-none-eabi/13.3.1/../../../../arm-none-eabi/bin/ld.exe: warning: test_PWM.elf has a LOAD segment with RWX permissions
C:/ST/STM32CubeIDE_2.0.0/STM32CubeIDE/plugins/com.st.stm32cube.ide.mcu.externaltools.gnu-tools-for-stm32.13.3.rel1.win32_1.0.100.202509120712/tools/bin/../lib/gcc/arm-none-eabi/13.3.1/../../../../arm-none-eabi/bin/ld.exe: ./Core/Src/main.o: in function `main':
C:/Users/stoluzarov/Documents/stm32/projects/test_PWM/Debug/../Core/Src/main.c:119:(.text.main+0xa0): undefined reference to `HAL_TIM_PWM_STOP'
C:/ST/STM32CubeIDE_2.0.0/STM32CubeIDE/plugins/com.st.stm32cube.ide.mcu.externaltools.gnu-tools-for-stm32.13.3.rel1.win32_1.0.100.202509120712/tools/bin/../lib/gcc/arm-none-eabi/13.3.1/../../../../arm-none-eabi/bin/ld.exe: C:/Users/stoluzarov/Documents/stm32/projects/test_PWM/Debug/../Core/Src/main.c:122:(.text.main+0xb8): undefined reference to `HAL_TIM_WritePin'
collect2.exe: error: ld returned 1 exit status
make: *** [makefile:64: test_PWM.elf] Error 1
"make -j12 all" terminated with exit code 2. Build might be incomplete.
20:52:41 **** Incremental Build of configuration Debug for project test_PWM ****
make -j12 all 
arm-none-eabi-gcc "../Core/Src/main.c" -mcpu=cortex-m4 -std=gnu11 -g3 -DDEBUG -DUSE_HAL_DRIVER -DSTM32F407xx -c -I../Core/Inc -I../Drivers/STM32F4xx_HAL_Driver/Inc -I../Drivers/STM32F4xx_HAL_Driver/Inc/Legacy -I../Drivers/CMSIS/Device/ST/STM32F4xx/Include -I../Drivers/CMSIS/Include -O0 -ffunction-sections -fdata-sections -Wall -fstack-usage -fcyclomatic-complexity -MMD -MP -MF"Core/Src/main.d" -MT"Core/Src/main.o" --specs=nano.specs -mfpu=fpv4-sp-d16 -mfloat-abi=hard -mthumb -o "Core/Src/main.o"
../Core/Src/main.c: In function 'main':
../Core/Src/main.c:121:19: warning: implicit declaration of function 'HAL_TIM_WritePin'; did you mean 'HAL_GPIO_WritePin'? [-Wimplicit-function-declaration]
  121 |                   HAL_TIM_WritePin(GPIOD, GPIO_PIN_15, GPIO_PIN_RESET);
      |                   ^~~~~~~~~~~~~~~~
      |                   HAL_GPIO_WritePin
arm-none-eabi-gcc -o "test_PWM.elf" @"objects.list"   -mcpu=cortex-m4 -T"C:\Users\stoluzarov\Documents\stm32\projects\test_PWM\STM32F407VGTX_FLASH.ld" --specs=nosys.specs -Wl,-Map="test_PWM.map" -Wl,--gc-sections -static --specs=nano.specs -mfpu=fpv4-sp-d16 -mfloat-abi=hard -mthumb -Wl,--start-group -lc -lm -Wl,--end-group
C:/ST/STM32CubeIDE_2.0.0/STM32CubeIDE/plugins/com.st.stm32cube.ide.mcu.externaltools.gnu-tools-for-stm32.13.3.rel1.win32_1.0.100.202509120712/tools/bin/../lib/gcc/arm-none-eabi/13.3.1/../../../../arm-none-eabi/bin/ld.exe: warning: test_PWM.elf has a LOAD segment with RWX permissions
C:/ST/STM32CubeIDE_2.0.0/STM32CubeIDE/plugins/com.st.stm32cube.ide.mcu.externaltools.gnu-tools-for-stm32.13.3.rel1.win32_1.0.100.202509120712/tools/bin/../lib/gcc/arm-none-eabi/13.3.1/../../../../arm-none-eabi/bin/ld.exe: ./Core/Src/main.o: in function `main':
C:/Users/stoluzarov/Documents/stm32/projects/test_PWM/Debug/../Core/Src/main.c:121:(.text.main+0xb0): undefined reference to `HAL_TIM_WritePin'
collect2.exe: error: ld returned 1 exit status
make: *** [makefile:64: test_PWM.elf] Error 1
"make -j12 all" terminated with exit code 2. Build might be incomplete.
20:53:29 **** Incremental Build of configuration Debug for project test_PWM ****
make -j12 all 
arm-none-eabi-gcc "../Core/Src/main.c" -mcpu=cortex-m4 -std=gnu11 -g3 -DDEBUG -DUSE_HAL_DRIVER -DSTM32F407xx -c -I../Core/Inc -I../Drivers/STM32F4xx_HAL_Driver/Inc -I../Drivers/STM32F4xx_HAL_Driver/Inc/Legacy -I../Drivers/CMSIS/Device/ST/STM32F4xx/Include -I../Drivers/CMSIS/Include -O0 -ffunction-sections -fdata-sections -Wall -fstack-usage -fcyclomatic-complexity -MMD -MP -MF"Core/Src/main.d" -MT"Core/Src/main.o" --specs=nano.specs -mfpu=fpv4-sp-d16 -mfloat-abi=hard -mthumb -o "Core/Src/main.o"
arm-none-eabi-gcc -o "test_PWM.elf" @"objects.list"   -mcpu=cortex-m4 -T"C:\Users\stoluzarov\Documents\stm32\projects\test_PWM\STM32F407VGTX_FLASH.ld" --specs=nosys.specs -Wl,-Map="test_PWM.map" -Wl,--gc-sections -static --specs=nano.specs -mfpu=fpv4-sp-d16 -mfloat-abi=hard -mthumb -Wl,--start-group -lc -lm -Wl,--end-group
C:/ST/STM32CubeIDE_2.0.0/STM32CubeIDE/plugins/com.st.stm32cube.ide.mcu.externaltools.gnu-tools-for-stm32.13.3.rel1.win32_1.0.100.202509120712/tools/bin/../lib/gcc/arm-none-eabi/13.3.1/../../../../arm-none-eabi/bin/ld.exe: warning: test_PWM.elf has a LOAD segment with RWX permissions
Finished building target: test_PWM.elf
 
arm-none-eabi-size  test_PWM.elf 
arm-none-eabi-objdump -h -S test_PWM.elf  > "test_PWM.list"
   text	   data	    bss	    dec	    hex	filename
  11448	     20	   1716	  13184	   3380	test_PWM.elf
Finished building: default.size.stdout
 
Finished building: test_PWM.list
 
20:53:52 **** Incremental Build of configuration Debug for project test_PWM ****
make -j12 all 
arm-none-eabi-size  test_PWM.elf 
   text	   data	    bss	    dec	    hex	filename
  11448	     20	   1716	  13184	   3380	test_PWM.elf
Finished building: default.size.stdout
 
20:56:31 **** Incremental Build of configuration Debug for project test_PWM ****
make -j12 all 
arm-none-eabi-gcc "../Core/Src/main.c" -mcpu=cortex-m4 -std=gnu11 -g3 -DDEBUG -DUSE_HAL_DRIVER -DSTM32F407xx -c -I../Core/Inc -I../Drivers/STM32F4xx_HAL_Driver/Inc -I../Drivers/STM32F4xx_HAL_Driver/Inc/Legacy -I../Drivers/CMSIS/Device/ST/STM32F4xx/Include -I../Drivers/CMSIS/Include -O0 -ffunction-sections -fdata-sections -Wall -fstack-usage -fcyclomatic-complexity -MMD -MP -MF"Core/Src/main.d" -MT"Core/Src/main.o" --specs=nano.specs -mfpu=fpv4-sp-d16 -mfloat-abi=hard -mthumb -o "Core/Src/main.o"
arm-none-eabi-gcc -o "test_PWM.elf" @"objects.list"   -mcpu=cortex-m4 -T"C:\Users\stoluzarov\Documents\stm32\projects\test_PWM\STM32F407VGTX_FLASH.ld" --specs=nosys.specs -Wl,-Map="test_PWM.map" -Wl,--gc-sections -static --specs=nano.specs -mfpu=fpv4-sp-d16 -mfloat-abi=hard -mthumb -Wl,--start-group -lc -lm -Wl,--end-group
C:/ST/STM32CubeIDE_2.0.0/STM32CubeIDE/plugins/com.st.stm32cube.ide.mcu.externaltools.gnu-tools-for-stm32.13.3.rel1.win32_1.0.100.202509120712/tools/bin/../lib/gcc/arm-none-eabi/13.3.1/../../../../arm-none-eabi/bin/ld.exe: warning: test_PWM.elf has a LOAD segment with RWX permissions
Finished building target: test_PWM.elf
 
arm-none-eabi-size  test_PWM.elf 
arm-none-eabi-objdump -h -S test_PWM.elf  > "test_PWM.list"
   text	   data	    bss	    dec	    hex	filename
  11536	     20	   1716	  13272	   33d8	test_PWM.elf
Finished building: default.size.stdout
 
Finished building: test_PWM.list
 
20:57:39 **** Incremental Build of configuration Debug for project test_PWM ****
make -j12 all 
arm-none-eabi-gcc "../Core/Src/main.c" -mcpu=cortex-m4 -std=gnu11 -g3 -DDEBUG -DUSE_HAL_DRIVER -DSTM32F407xx -c -I../Core/Inc -I../Drivers/STM32F4xx_HAL_Driver/Inc -I../Drivers/STM32F4xx_HAL_Driver/Inc/Legacy -I../Drivers/CMSIS/Device/ST/STM32F4xx/Include -I../Drivers/CMSIS/Include -O0 -ffunction-sections -fdata-sections -Wall -fstack-usage -fcyclomatic-complexity -MMD -MP -MF"Core/Src/main.d" -MT"Core/Src/main.o" --specs=nano.specs -mfpu=fpv4-sp-d16 -mfloat-abi=hard -mthumb -o "Core/Src/main.o"
arm-none-eabi-gcc -o "test_PWM.elf" @"objects.list"   -mcpu=cortex-m4 -T"C:\Users\stoluzarov\Documents\stm32\projects\test_PWM\STM32F407VGTX_FLASH.ld" --specs=nosys.specs -Wl,-Map="test_PWM.map" -Wl,--gc-sections -static --specs=nano.specs -mfpu=fpv4-sp-d16 -mfloat-abi=hard -mthumb -Wl,--start-group -lc -lm -Wl,--end-group
C:/ST/STM32CubeIDE_2.0.0/STM32CubeIDE/plugins/com.st.stm32cube.ide.mcu.externaltools.gnu-tools-for-stm32.13.3.rel1.win32_1.0.100.202509120712/tools/bin/../lib/gcc/arm-none-eabi/13.3.1/../../../../arm-none-eabi/bin/ld.exe: warning: test_PWM.elf has a LOAD segment with RWX permissions
Finished building target: test_PWM.elf
 
arm-none-eabi-size  test_PWM.elf 
arm-none-eabi-objdump -h -S test_PWM.elf  > "test_PWM.list"
   text	   data	    bss	    dec	    hex	filename
  11460	     20	   1716	  13196	   338c	test_PWM.elf
Finished building: default.size.stdout
 
Finished building: test_PWM.list
 
20:58:29 **** Incremental Build of configuration Debug for project test_PWM ****
make -j12 all 
arm-none-eabi-gcc "../Core/Src/main.c" -mcpu=cortex-m4 -std=gnu11 -g3 -DDEBUG -DUSE_HAL_DRIVER -DSTM32F407xx -c -I../Core/Inc -I../Drivers/STM32F4xx_HAL_Driver/Inc -I../Drivers/STM32F4xx_HAL_Driver/Inc/Legacy -I../Drivers/CMSIS/Device/ST/STM32F4xx/Include -I../Drivers/CMSIS/Include -O0 -ffunction-sections -fdata-sections -Wall -fstack-usage -fcyclomatic-complexity -MMD -MP -MF"Core/Src/main.d" -MT"Core/Src/main.o" --specs=nano.specs -mfpu=fpv4-sp-d16 -mfloat-abi=hard -mthumb -o "Core/Src/main.o"
arm-none-eabi-gcc -o "test_PWM.elf" @"objects.list"   -mcpu=cortex-m4 -T"C:\Users\stoluzarov\Documents\stm32\projects\test_PWM\STM32F407VGTX_FLASH.ld" --specs=nosys.specs -Wl,-Map="test_PWM.map" -Wl,--gc-sections -static --specs=nano.specs -mfpu=fpv4-sp-d16 -mfloat-abi=hard -mthumb -Wl,--start-group -lc -lm -Wl,--end-group
C:/ST/STM32CubeIDE_2.0.0/STM32CubeIDE/plugins/com.st.stm32cube.ide.mcu.externaltools.gnu-tools-for-stm32.13.3.rel1.win32_1.0.100.202509120712/tools/bin/../lib/gcc/arm-none-eabi/13.3.1/../../../../arm-none-eabi/bin/ld.exe: warning: test_PWM.elf has a LOAD segment with RWX permissions
Finished building target: test_PWM.elf
 
arm-none-eabi-size  test_PWM.elf 
arm-none-eabi-objdump -h -S test_PWM.elf  > "test_PWM.list"
   text	   data	    bss	    dec	    hex	filename
  11472	     20	   1716	  13208	   3398	test_PWM.elf
Finished building: default.size.stdout
 
Finished building: test_PWM.list
 
20:58:42 **** Incremental Build of configuration Debug for project test_PWM ****
make -j12 all 
arm-none-eabi-gcc "../Core/Src/main.c" -mcpu=cortex-m4 -std=gnu11 -g3 -DDEBUG -DUSE_HAL_DRIVER -DSTM32F407xx -c -I../Core/Inc -I../Drivers/STM32F4xx_HAL_Driver/Inc -I../Drivers/STM32F4xx_HAL_Driver/Inc/Legacy -I../Drivers/CMSIS/Device/ST/STM32F4xx/Include -I../Drivers/CMSIS/Include -O0 -ffunction-sections -fdata-sections -Wall -fstack-usage -fcyclomatic-complexity -MMD -MP -MF"Core/Src/main.d" -MT"Core/Src/main.o" --specs=nano.specs -mfpu=fpv4-sp-d16 -mfloat-abi=hard -mthumb -o "Core/Src/main.o"
arm-none-eabi-gcc -o "test_PWM.elf" @"objects.list"   -mcpu=cortex-m4 -T"C:\Users\stoluzarov\Documents\stm32\projects\test_PWM\STM32F407VGTX_FLASH.ld" --specs=nosys.specs -Wl,-Map="test_PWM.map" -Wl,--gc-sections -static --specs=nano.specs -mfpu=fpv4-sp-d16 -mfloat-abi=hard -mthumb -Wl,--start-group -lc -lm -Wl,--end-group
C:/ST/STM32CubeIDE_2.0.0/STM32CubeIDE/plugins/com.st.stm32cube.ide.mcu.externaltools.gnu-tools-for-stm32.13.3.rel1.win32_1.0.100.202509120712/tools/bin/../lib/gcc/arm-none-eabi/13.3.1/../../../../arm-none-eabi/bin/ld.exe: warning: test_PWM.elf has a LOAD segment with RWX permissions
Finished building target: test_PWM.elf
 
arm-none-eabi-size  test_PWM.elf 
arm-none-eabi-objdump -h -S test_PWM.elf  > "test_PWM.list"
   text	   data	    bss	    dec	    hex	filename
  11484	     20	   1716	  13220	   33a4	test_PWM.elf
Finished building: default.size.stdout
 
Finished building: test_PWM.list
 
20:58:56 **** Incremental Build of configuration Debug for project test_PWM ****
make -j12 all 
arm-none-eabi-gcc "../Core/Src/main.c" -mcpu=cortex-m4 -std=gnu11 -g3 -DDEBUG -DUSE_HAL_DRIVER -DSTM32F407xx -c -I../Core/Inc -I../Drivers/STM32F4xx_HAL_Driver/Inc -I../Drivers/STM32F4xx_HAL_Driver/Inc/Legacy -I../Drivers/CMSIS/Device/ST/STM32F4xx/Include -I../Drivers/CMSIS/Include -O0 -ffunction-sections -fdata-sections -Wall -fstack-usage -fcyclomatic-complexity -MMD -MP -MF"Core/Src/main.d" -MT"Core/Src/main.o" --specs=nano.specs -mfpu=fpv4-sp-d16 -mfloat-abi=hard -mthumb -o "Core/Src/main.o"
arm-none-eabi-gcc -o "test_PWM.elf" @"objects.list"   -mcpu=cortex-m4 -T"C:\Users\stoluzarov\Documents\stm32\projects\test_PWM\STM32F407VGTX_FLASH.ld" --specs=nosys.specs -Wl,-Map="test_PWM.map" -Wl,--gc-sections -static --specs=nano.specs -mfpu=fpv4-sp-d16 -mfloat-abi=hard -mthumb -Wl,--start-group -lc -lm -Wl,--end-group
C:/ST/STM32CubeIDE_2.0.0/STM32CubeIDE/plugins/com.st.stm32cube.ide.mcu.externaltools.gnu-tools-for-stm32.13.3.rel1.win32_1.0.100.202509120712/tools/bin/../lib/gcc/arm-none-eabi/13.3.1/../../../../arm-none-eabi/bin/ld.exe: warning: test_PWM.elf has a LOAD segment with RWX permissions
Finished building target: test_PWM.elf
 
arm-none-eabi-size  test_PWM.elf 
arm-none-eabi-objdump -h -S test_PWM.elf  > "test_PWM.list"
   text	   data	    bss	    dec	    hex	filename
  11476	     20	   1716	  13212	   339c	test_PWM.elf
Finished building: default.size.stdout
 
Finished building: test_PWM.list
 
20:59:38 **** Incremental Build of configuration Debug for project test_PWM ****
make -j12 all 
arm-none-eabi-gcc "../Core/Src/main.c" -mcpu=cortex-m4 -std=gnu11 -g3 -DDEBUG -DUSE_HAL_DRIVER -DSTM32F407xx -c -I../Core/Inc -I../Drivers/STM32F4xx_HAL_Driver/Inc -I../Drivers/STM32F4xx_HAL_Driver/Inc/Legacy -I../Drivers/CMSIS/Device/ST/STM32F4xx/Include -I../Drivers/CMSIS/Include -O0 -ffunction-sections -fdata-sections -Wall -fstack-usage -fcyclomatic-complexity -MMD -MP -MF"Core/Src/main.d" -MT"Core/Src/main.o" --specs=nano.specs -mfpu=fpv4-sp-d16 -mfloat-abi=hard -mthumb -o "Core/Src/main.o"
arm-none-eabi-gcc -o "test_PWM.elf" @"objects.list"   -mcpu=cortex-m4 -T"C:\Users\stoluzarov\Documents\stm32\projects\test_PWM\STM32F407VGTX_FLASH.ld" --specs=nosys.specs -Wl,-Map="test_PWM.map" -Wl,--gc-sections -static --specs=nano.specs -mfpu=fpv4-sp-d16 -mfloat-abi=hard -mthumb -Wl,--start-group -lc -lm -Wl,--end-group
C:/ST/STM32CubeIDE_2.0.0/STM32CubeIDE/plugins/com.st.stm32cube.ide.mcu.externaltools.gnu-tools-for-stm32.13.3.rel1.win32_1.0.100.202509120712/tools/bin/../lib/gcc/arm-none-eabi/13.3.1/../../../../arm-none-eabi/bin/ld.exe: warning: test_PWM.elf has a LOAD segment with RWX permissions
Finished building target: test_PWM.elf
 
arm-none-eabi-size  test_PWM.elf 
arm-none-eabi-objdump -h -S test_PWM.elf  > "test_PWM.list"
   text	   data	    bss	    dec	    hex	filename
  11300	     20	   1716	  13036	   32ec	test_PWM.elf
Finished building: default.size.stdout
 
Finished building: test_PWM.list
 
21:03:25 **** Incremental Build of configuration Debug for project test_PWM ****
make -j12 all 
arm-none-eabi-gcc "../Core/Src/main.c" -mcpu=cortex-m4 -std=gnu11 -g3 -DDEBUG -DUSE_HAL_DRIVER -DSTM32F407xx -c -I../Core/Inc -I../Drivers/STM32F4xx_HAL_Driver/Inc -I../Drivers/STM32F4xx_HAL_Driver/Inc/Legacy -I../Drivers/CMSIS/Device/ST/STM32F4xx/Include -I../Drivers/CMSIS/Include -O0 -ffunction-sections -fdata-sections -Wall -fstack-usage -fcyclomatic-complexity -MMD -MP -MF"Core/Src/main.d" -MT"Core/Src/main.o" --specs=nano.specs -mfpu=fpv4-sp-d16 -mfloat-abi=hard -mthumb -o "Core/Src/main.o"
../Core/Src/main.c: In function 'main':
../Core/Src/main.c:124:44: error: 'GPIO_PIN_16' undeclared (first use in this function); did you mean 'GPIO_PIN_15'?
  124 |                   HAL_GPIO_WritePin(GPIOD, GPIO_PIN_16, GPIO_PIN_SET);
      |                                            ^~~~~~~~~~~
      |                                            GPIO_PIN_15
../Core/Src/main.c:124:44: note: each undeclared identifier is reported only once for each function it appears in
make: *** [Core/Src/subdir.mk:34: Core/Src/main.o] Error 1
"make -j12 all" terminated with exit code 2. Build might be incomplete.
21:03:41 **** Incremental Build of configuration Debug for project test_PWM ****
make -j12 all 
arm-none-eabi-gcc "../Core/Src/main.c" -mcpu=cortex-m4 -std=gnu11 -g3 -DDEBUG -DUSE_HAL_DRIVER -DSTM32F407xx -c -I../Core/Inc -I../Drivers/STM32F4xx_HAL_Driver/Inc -I../Drivers/STM32F4xx_HAL_Driver/Inc/Legacy -I../Drivers/CMSIS/Device/ST/STM32F4xx/Include -I../Drivers/CMSIS/Include -O0 -ffunction-sections -fdata-sections -Wall -fstack-usage -fcyclomatic-complexity -MMD -MP -MF"Core/Src/main.d" -MT"Core/Src/main.o" --specs=nano.specs -mfpu=fpv4-sp-d16 -mfloat-abi=hard -mthumb -o "Core/Src/main.o"
arm-none-eabi-gcc -o "test_PWM.elf" @"objects.list"   -mcpu=cortex-m4 -T"C:\Users\stoluzarov\Documents\stm32\projects\test_PWM\STM32F407VGTX_FLASH.ld" --specs=nosys.specs -Wl,-Map="test_PWM.map" -Wl,--gc-sections -static --specs=nano.specs -mfpu=fpv4-sp-d16 -mfloat-abi=hard -mthumb -Wl,--start-group -lc -lm -Wl,--end-group
C:/ST/STM32CubeIDE_2.0.0/STM32CubeIDE/plugins/com.st.stm32cube.ide.mcu.externaltools.gnu-tools-for-stm32.13.3.rel1.win32_1.0.100.202509120712/tools/bin/../lib/gcc/arm-none-eabi/13.3.1/../../../../arm-none-eabi/bin/ld.exe: warning: test_PWM.elf has a LOAD segment with RWX permissions
Finished building target: test_PWM.elf
 
arm-none-eabi-size  test_PWM.elf 
arm-none-eabi-objdump -h -S test_PWM.elf  > "test_PWM.list"
   text	   data	    bss	    dec	    hex	filename
  11380	     20	   1716	  13116	   333c	test_PWM.elf
Finished building: default.size.stdout
 
Finished building: test_PWM.list
 
21:04:34 **** Incremental Build of configuration Debug for project test_PWM ****
make -j12 all 
arm-none-eabi-gcc "../Core/Src/main.c" -mcpu=cortex-m4 -std=gnu11 -g3 -DDEBUG -DUSE_HAL_DRIVER -DSTM32F407xx -c -I../Core/Inc -I../Drivers/STM32F4xx_HAL_Driver/Inc -I../Drivers/STM32F4xx_HAL_Driver/Inc/Legacy -I../Drivers/CMSIS/Device/ST/STM32F4xx/Include -I../Drivers/CMSIS/Include -O0 -ffunction-sections -fdata-sections -Wall -fstack-usage -fcyclomatic-complexity -MMD -MP -MF"Core/Src/main.d" -MT"Core/Src/main.o" --specs=nano.specs -mfpu=fpv4-sp-d16 -mfloat-abi=hard -mthumb -o "Core/Src/main.o"
arm-none-eabi-gcc -o "test_PWM.elf" @"objects.list"   -mcpu=cortex-m4 -T"C:\Users\stoluzarov\Documents\stm32\projects\test_PWM\STM32F407VGTX_FLASH.ld" --specs=nosys.specs -Wl,-Map="test_PWM.map" -Wl,--gc-sections -static --specs=nano.specs -mfpu=fpv4-sp-d16 -mfloat-abi=hard -mthumb -Wl,--start-group -lc -lm -Wl,--end-group
C:/ST/STM32CubeIDE_2.0.0/STM32CubeIDE/plugins/com.st.stm32cube.ide.mcu.externaltools.gnu-tools-for-stm32.13.3.rel1.win32_1.0.100.202509120712/tools/bin/../lib/gcc/arm-none-eabi/13.3.1/../../../../arm-none-eabi/bin/ld.exe: warning: test_PWM.elf has a LOAD segment with RWX permissions
Finished building target: test_PWM.elf
 
arm-none-eabi-size  test_PWM.elf 
arm-none-eabi-objdump -h -S test_PWM.elf  > "test_PWM.list"
   text	   data	    bss	    dec	    hex	filename
  11392	     20	   1716	  13128	   3348	test_PWM.elf
Finished building: default.size.stdout
 
Finished building: test_PWM.list
 
21:04:48 **** Incremental Build of configuration Debug for project test_PWM ****
make -j12 all 
arm-none-eabi-gcc "../Core/Src/main.c" -mcpu=cortex-m4 -std=gnu11 -g3 -DDEBUG -DUSE_HAL_DRIVER -DSTM32F407xx -c -I../Core/Inc -I../Drivers/STM32F4xx_HAL_Driver/Inc -I../Drivers/STM32F4xx_HAL_Driver/Inc/Legacy -I../Drivers/CMSIS/Device/ST/STM32F4xx/Include -I../Drivers/CMSIS/Include -O0 -ffunction-sections -fdata-sections -Wall -fstack-usage -fcyclomatic-complexity -MMD -MP -MF"Core/Src/main.d" -MT"Core/Src/main.o" --specs=nano.specs -mfpu=fpv4-sp-d16 -mfloat-abi=hard -mthumb -o "Core/Src/main.o"
arm-none-eabi-gcc -o "test_PWM.elf" @"objects.list"   -mcpu=cortex-m4 -T"C:\Users\stoluzarov\Documents\stm32\projects\test_PWM\STM32F407VGTX_FLASH.ld" --specs=nosys.specs -Wl,-Map="test_PWM.map" -Wl,--gc-sections -static --specs=nano.specs -mfpu=fpv4-sp-d16 -mfloat-abi=hard -mthumb -Wl,--start-group -lc -lm -Wl,--end-group
C:/ST/STM32CubeIDE_2.0.0/STM32CubeIDE/plugins/com.st.stm32cube.ide.mcu.externaltools.gnu-tools-for-stm32.13.3.rel1.win32_1.0.100.202509120712/tools/bin/../lib/gcc/arm-none-eabi/13.3.1/../../../../arm-none-eabi/bin/ld.exe: warning: test_PWM.elf has a LOAD segment with RWX permissions
Finished building target: test_PWM.elf
 
arm-none-eabi-size  test_PWM.elf 
arm-none-eabi-objdump -h -S test_PWM.elf  > "test_PWM.list"
   text	   data	    bss	    dec	    hex	filename
  11392	     20	   1716	  13128	   3348	test_PWM.elf
Finished building: default.size.stdout
 
Finished building: test_PWM.list
 
21:05:28 **** Incremental Build of configuration Debug for project test_PWM ****
make -j12 all 
arm-none-eabi-gcc "../Core/Src/main.c" -mcpu=cortex-m4 -std=gnu11 -g3 -DDEBUG -DUSE_HAL_DRIVER -DSTM32F407xx -c -I../Core/Inc -I../Drivers/STM32F4xx_HAL_Driver/Inc -I../Drivers/STM32F4xx_HAL_Driver/Inc/Legacy -I../Drivers/CMSIS/Device/ST/STM32F4xx/Include -I../Drivers/CMSIS/Include -O0 -ffunction-sections -fdata-sections -Wall -fstack-usage -fcyclomatic-complexity -MMD -MP -MF"Core/Src/main.d" -MT"Core/Src/main.o" --specs=nano.specs -mfpu=fpv4-sp-d16 -mfloat-abi=hard -mthumb -o "Core/Src/main.o"
arm-none-eabi-gcc -o "test_PWM.elf" @"objects.list"   -mcpu=cortex-m4 -T"C:\Users\stoluzarov\Documents\stm32\projects\test_PWM\STM32F407VGTX_FLASH.ld" --specs=nosys.specs -Wl,-Map="test_PWM.map" -Wl,--gc-sections -static --specs=nano.specs -mfpu=fpv4-sp-d16 -mfloat-abi=hard -mthumb -Wl,--start-group -lc -lm -Wl,--end-group
C:/ST/STM32CubeIDE_2.0.0/STM32CubeIDE/plugins/com.st.stm32cube.ide.mcu.externaltools.gnu-tools-for-stm32.13.3.rel1.win32_1.0.100.202509120712/tools/bin/../lib/gcc/arm-none-eabi/13.3.1/../../../../arm-none-eabi/bin/ld.exe: warning: test_PWM.elf has a LOAD segment with RWX permissions
Finished building target: test_PWM.elf
 
arm-none-eabi-size  test_PWM.elf 
arm-none-eabi-objdump -h -S test_PWM.elf  > "test_PWM.list"
   text	   data	    bss	    dec	    hex	filename
  11388	     20	   1716	  13124	   3344	test_PWM.elf
Finished building: default.size.stdout
 
Finished building: test_PWM.list
 
21:05:43 **** Incremental Build of configuration Debug for project test_PWM ****
make -j12 all 
arm-none-eabi-size  test_PWM.elf 
   text	   data	    bss	    dec	    hex	filename
  11388	     20	   1716	  13124	   3344	test_PWM.elf
Finished building: default.size.stdout
 
21:06:27 **** Incremental Build of configuration Debug for project test_PWM ****
make -j12 all 
arm-none-eabi-gcc "../Core/Src/main.c" -mcpu=cortex-m4 -std=gnu11 -g3 -DDEBUG -DUSE_HAL_DRIVER -DSTM32F407xx -c -I../Core/Inc -I../Drivers/STM32F4xx_HAL_Driver/Inc -I../Drivers/STM32F4xx_HAL_Driver/Inc/Legacy -I../Drivers/CMSIS/Device/ST/STM32F4xx/Include -I../Drivers/CMSIS/Include -O0 -ffunction-sections -fdata-sections -Wall -fstack-usage -fcyclomatic-complexity -MMD -MP -MF"Core/Src/main.d" -MT"Core/Src/main.o" --specs=nano.specs -mfpu=fpv4-sp-d16 -mfloat-abi=hard -mthumb -o "Core/Src/main.o"
arm-none-eabi-gcc "../Core/Src/stm32f4xx_it.c" -mcpu=cortex-m4 -std=gnu11 -g3 -DDEBUG -DUSE_HAL_DRIVER -DSTM32F407xx -c -I../Core/Inc -I../Drivers/STM32F4xx_HAL_Driver/Inc -I../Drivers/STM32F4xx_HAL_Driver/Inc/Legacy -I../Drivers/CMSIS/Device/ST/STM32F4xx/Include -I../Drivers/CMSIS/Include -O0 -ffunction-sections -fdata-sections -Wall -fstack-usage -fcyclomatic-complexity -MMD -MP -MF"Core/Src/stm32f4xx_it.d" -MT"Core/Src/stm32f4xx_it.o" --specs=nano.specs -mfpu=fpv4-sp-d16 -mfloat-abi=hard -mthumb -o "Core/Src/stm32f4xx_it.o"
../Core/Src/main.c: In function 'main':
../Core/Src/main.c:72:21: warning: unused variable 'd' [-Wunused-variable]
   72 |         uint32_t i, d;
      |                     ^
../Core/Src/main.c:72:18: warning: unused variable 'i' [-Wunused-variable]
   72 |         uint32_t i, d;
      |                  ^
../Core/Src/stm32f4xx_it.c: In function 'TIM4_IRQHandler':
../Core/Src/stm32f4xx_it.c:212:8: error: 'i' undeclared (first use in this function)
  212 |   for (i=0; i<65536; i++) {
      |        ^
../Core/Src/stm32f4xx_it.c:212:8: note: each undeclared identifier is reported only once for each function it appears in
../Core/Src/stm32f4xx_it.c:215:16: error: 'd' undeclared (first use in this function)
  215 |           for (d=0; d<50; d++){}
      |                ^
make: *** [Core/Src/subdir.mk:34: Core/Src/stm32f4xx_it.o] Error 1
make: *** Waiting for unfinished jobs....
"make -j12 all" terminated with exit code 2. Build might be incomplete.
21:07:20 **** Incremental Build of configuration Debug for project test_PWM ****
make -j12 all 
arm-none-eabi-gcc "../Core/Src/main.c" -mcpu=cortex-m4 -std=gnu11 -g3 -DDEBUG -DUSE_HAL_DRIVER -DSTM32F407xx -c -I../Core/Inc -I../Drivers/STM32F4xx_HAL_Driver/Inc -I../Drivers/STM32F4xx_HAL_Driver/Inc/Legacy -I../Drivers/CMSIS/Device/ST/STM32F4xx/Include -I../Drivers/CMSIS/Include -O0 -ffunction-sections -fdata-sections -Wall -fstack-usage -fcyclomatic-complexity -MMD -MP -MF"Core/Src/main.d" -MT"Core/Src/main.o" --specs=nano.specs -mfpu=fpv4-sp-d16 -mfloat-abi=hard -mthumb -o "Core/Src/main.o"
arm-none-eabi-gcc "../Core/Src/stm32f4xx_it.c" -mcpu=cortex-m4 -std=gnu11 -g3 -DDEBUG -DUSE_HAL_DRIVER -DSTM32F407xx -c -I../Core/Inc -I../Drivers/STM32F4xx_HAL_Driver/Inc -I../Drivers/STM32F4xx_HAL_Driver/Inc/Legacy -I../Drivers/CMSIS/Device/ST/STM32F4xx/Include -I../Drivers/CMSIS/Include -O0 -ffunction-sections -fdata-sections -Wall -fstack-usage -fcyclomatic-complexity -MMD -MP -MF"Core/Src/stm32f4xx_it.d" -MT"Core/Src/stm32f4xx_it.o" --specs=nano.specs -mfpu=fpv4-sp-d16 -mfloat-abi=hard -mthumb -o "Core/Src/stm32f4xx_it.o"
arm-none-eabi-gcc -o "test_PWM.elf" @"objects.list"   -mcpu=cortex-m4 -T"C:\Users\stoluzarov\Documents\stm32\projects\test_PWM\STM32F407VGTX_FLASH.ld" --specs=nosys.specs -Wl,-Map="test_PWM.map" -Wl,--gc-sections -static --specs=nano.specs -mfpu=fpv4-sp-d16 -mfloat-abi=hard -mthumb -Wl,--start-group -lc -lm -Wl,--end-group
C:/ST/STM32CubeIDE_2.0.0/STM32CubeIDE/plugins/com.st.stm32cube.ide.mcu.externaltools.gnu-tools-for-stm32.13.3.rel1.win32_1.0.100.202509120712/tools/bin/../lib/gcc/arm-none-eabi/13.3.1/../../../../arm-none-eabi/bin/ld.exe: warning: test_PWM.elf has a LOAD segment with RWX permissions
Finished building target: test_PWM.elf
 
arm-none-eabi-size  test_PWM.elf 
arm-none-eabi-objdump -h -S test_PWM.elf  > "test_PWM.list"
   text	   data	    bss	    dec	    hex	filename
  11436	     20	   1724	  13180	   337c	test_PWM.elf
Finished building: default.size.stdout
 
Finished building: test_PWM.list
 
21:07:49 **** Incremental Build of configuration Debug for project test_PWM ****
make -j12 all 
arm-none-eabi-gcc "../Core/Src/main.c" -mcpu=cortex-m4 -std=gnu11 -g3 -DDEBUG -DUSE_HAL_DRIVER -DSTM32F407xx -c -I../Core/Inc -I../Drivers/STM32F4xx_HAL_Driver/Inc -I../Drivers/STM32F4xx_HAL_Driver/Inc/Legacy -I../Drivers/CMSIS/Device/ST/STM32F4xx/Include -I../Drivers/CMSIS/Include -O0 -ffunction-sections -fdata-sections -Wall -fstack-usage -fcyclomatic-complexity -MMD -MP -MF"Core/Src/main.d" -MT"Core/Src/main.o" --specs=nano.specs -mfpu=fpv4-sp-d16 -mfloat-abi=hard -mthumb -o "Core/Src/main.o"
arm-none-eabi-gcc "../Core/Src/stm32f4xx_it.c" -mcpu=cortex-m4 -std=gnu11 -g3 -DDEBUG -DUSE_HAL_DRIVER -DSTM32F407xx -c -I../Core/Inc -I../Drivers/STM32F4xx_HAL_Driver/Inc -I../Drivers/STM32F4xx_HAL_Driver/Inc/Legacy -I../Drivers/CMSIS/Device/ST/STM32F4xx/Include -I../Drivers/CMSIS/Include -O0 -ffunction-sections -fdata-sections -Wall -fstack-usage -fcyclomatic-complexity -MMD -MP -MF"Core/Src/stm32f4xx_it.d" -MT"Core/Src/stm32f4xx_it.o" --specs=nano.specs -mfpu=fpv4-sp-d16 -mfloat-abi=hard -mthumb -o "Core/Src/stm32f4xx_it.o"
arm-none-eabi-gcc -o "test_PWM.elf" @"objects.list"   -mcpu=cortex-m4 -T"C:\Users\stoluzarov\Documents\stm32\projects\test_PWM\STM32F407VGTX_FLASH.ld" --specs=nosys.specs -Wl,-Map="test_PWM.map" -Wl,--gc-sections -static --specs=nano.specs -mfpu=fpv4-sp-d16 -mfloat-abi=hard -mthumb -Wl,--start-group -lc -lm -Wl,--end-group
C:/ST/STM32CubeIDE_2.0.0/STM32CubeIDE/plugins/com.st.stm32cube.ide.mcu.externaltools.gnu-tools-for-stm32.13.3.rel1.win32_1.0.100.202509120712/tools/bin/../lib/gcc/arm-none-eabi/13.3.1/../../../../arm-none-eabi/bin/ld.exe: warning: test_PWM.elf has a LOAD segment with RWX permissions
Finished building target: test_PWM.elf
 
arm-none-eabi-size  test_PWM.elf 
arm-none-eabi-objdump -h -S test_PWM.elf  > "test_PWM.list"
   text	   data	    bss	    dec	    hex	filename
  11388	     20	   1716	  13124	   3344	test_PWM.elf
Finished building: default.size.stdout
 
Finished building: test_PWM.list
 
21:08:23 **** Incremental Build of configuration Debug for project test_PWM ****
make -j12 all 
arm-none-eabi-gcc "../Core/Src/main.c" -mcpu=cortex-m4 -std=gnu11 -g3 -DDEBUG -DUSE_HAL_DRIVER -DSTM32F407xx -c -I../Core/Inc -I../Drivers/STM32F4xx_HAL_Driver/Inc -I../Drivers/STM32F4xx_HAL_Driver/Inc/Legacy -I../Drivers/CMSIS/Device/ST/STM32F4xx/Include -I../Drivers/CMSIS/Include -O0 -ffunction-sections -fdata-sections -Wall -fstack-usage -fcyclomatic-complexity -MMD -MP -MF"Core/Src/main.d" -MT"Core/Src/main.o" --specs=nano.specs -mfpu=fpv4-sp-d16 -mfloat-abi=hard -mthumb -o "Core/Src/main.o"
arm-none-eabi-gcc -o "test_PWM.elf" @"objects.list"   -mcpu=cortex-m4 -T"C:\Users\stoluzarov\Documents\stm32\projects\test_PWM\STM32F407VGTX_FLASH.ld" --specs=nosys.specs -Wl,-Map="test_PWM.map" -Wl,--gc-sections -static --specs=nano.specs -mfpu=fpv4-sp-d16 -mfloat-abi=hard -mthumb -Wl,--start-group -lc -lm -Wl,--end-group
C:/ST/STM32CubeIDE_2.0.0/STM32CubeIDE/plugins/com.st.stm32cube.ide.mcu.externaltools.gnu-tools-for-stm32.13.3.rel1.win32_1.0.100.202509120712/tools/bin/../lib/gcc/arm-none-eabi/13.3.1/../../../../arm-none-eabi/bin/ld.exe: warning: test_PWM.elf has a LOAD segment with RWX permissions
Finished building target: test_PWM.elf
 
arm-none-eabi-size  test_PWM.elf 
arm-none-eabi-objdump -h -S test_PWM.elf  > "test_PWM.list"
   text	   data	    bss	    dec	    hex	filename
  11320	     20	   1716	  13056	   3300	test_PWM.elf
Finished building: default.size.stdout
 
Finished building: test_PWM.list
 
21:09:59 **** Incremental Build of configuration Debug for project test_PWM ****
make -j12 all 
arm-none-eabi-gcc "../Core/Src/main.c" -mcpu=cortex-m4 -std=gnu11 -g3 -DDEBUG -DUSE_HAL_DRIVER -DSTM32F407xx -c -I../Core/Inc -I../Drivers/STM32F4xx_HAL_Driver/Inc -I../Drivers/STM32F4xx_HAL_Driver/Inc/Legacy -I../Drivers/CMSIS/Device/ST/STM32F4xx/Include -I../Drivers/CMSIS/Include -O0 -ffunction-sections -fdata-sections -Wall -fstack-usage -fcyclomatic-complexity -MMD -MP -MF"Core/Src/main.d" -MT"Core/Src/main.o" --specs=nano.specs -mfpu=fpv4-sp-d16 -mfloat-abi=hard -mthumb -o "Core/Src/main.o"
arm-none-eabi-gcc -o "test_PWM.elf" @"objects.list"   -mcpu=cortex-m4 -T"C:\Users\stoluzarov\Documents\stm32\projects\test_PWM\STM32F407VGTX_FLASH.ld" --specs=nosys.specs -Wl,-Map="test_PWM.map" -Wl,--gc-sections -static --specs=nano.specs -mfpu=fpv4-sp-d16 -mfloat-abi=hard -mthumb -Wl,--start-group -lc -lm -Wl,--end-group
C:/ST/STM32CubeIDE_2.0.0/STM32CubeIDE/plugins/com.st.stm32cube.ide.mcu.externaltools.gnu-tools-for-stm32.13.3.rel1.win32_1.0.100.202509120712/tools/bin/../lib/gcc/arm-none-eabi/13.3.1/../../../../arm-none-eabi/bin/ld.exe: warning: test_PWM.elf has a LOAD segment with RWX permissions
Finished building target: test_PWM.elf
 
arm-none-eabi-size  test_PWM.elf 
arm-none-eabi-objdump -h -S test_PWM.elf  > "test_PWM.list"
   text	   data	    bss	    dec	    hex	filename
  11320	     20	   1716	  13056	   3300	test_PWM.elf
Finished building: default.size.stdout
 
Finished building: test_PWM.list
 
21:10:19 **** Incremental Build of configuration Debug for project test_PWM ****
make -j12 all 
arm-none-eabi-gcc "../Core/Src/main.c" -mcpu=cortex-m4 -std=gnu11 -g3 -DDEBUG -DUSE_HAL_DRIVER -DSTM32F407xx -c -I../Core/Inc -I../Drivers/STM32F4xx_HAL_Driver/Inc -I../Drivers/STM32F4xx_HAL_Driver/Inc/Legacy -I../Drivers/CMSIS/Device/ST/STM32F4xx/Include -I../Drivers/CMSIS/Include -O0 -ffunction-sections -fdata-sections -Wall -fstack-usage -fcyclomatic-complexity -MMD -MP -MF"Core/Src/main.d" -MT"Core/Src/main.o" --specs=nano.specs -mfpu=fpv4-sp-d16 -mfloat-abi=hard -mthumb -o "Core/Src/main.o"
arm-none-eabi-gcc -o "test_PWM.elf" @"objects.list"   -mcpu=cortex-m4 -T"C:\Users\stoluzarov\Documents\stm32\projects\test_PWM\STM32F407VGTX_FLASH.ld" --specs=nosys.specs -Wl,-Map="test_PWM.map" -Wl,--gc-sections -static --specs=nano.specs -mfpu=fpv4-sp-d16 -mfloat-abi=hard -mthumb -Wl,--start-group -lc -lm -Wl,--end-group
C:/ST/STM32CubeIDE_2.0.0/STM32CubeIDE/plugins/com.st.stm32cube.ide.mcu.externaltools.gnu-tools-for-stm32.13.3.rel1.win32_1.0.100.202509120712/tools/bin/../lib/gcc/arm-none-eabi/13.3.1/../../../../arm-none-eabi/bin/ld.exe: warning: test_PWM.elf has a LOAD segment with RWX permissions
Finished building target: test_PWM.elf
 
arm-none-eabi-size  test_PWM.elf 
arm-none-eabi-objdump -h -S test_PWM.elf  > "test_PWM.list"
   text	   data	    bss	    dec	    hex	filename
  11328	     20	   1716	  13064	   3308	test_PWM.elf
Finished building: default.size.stdout
 
Finished building: test_PWM.list
 
21:10:39 **** Incremental Build of configuration Debug for project test_PWM ****
make -j12 all 
arm-none-eabi-gcc "../Core/Src/main.c" -mcpu=cortex-m4 -std=gnu11 -g3 -DDEBUG -DUSE_HAL_DRIVER -DSTM32F407xx -c -I../Core/Inc -I../Drivers/STM32F4xx_HAL_Driver/Inc -I../Drivers/STM32F4xx_HAL_Driver/Inc/Legacy -I../Drivers/CMSIS/Device/ST/STM32F4xx/Include -I../Drivers/CMSIS/Include -O0 -ffunction-sections -fdata-sections -Wall -fstack-usage -fcyclomatic-complexity -MMD -MP -MF"Core/Src/main.d" -MT"Core/Src/main.o" --specs=nano.specs -mfpu=fpv4-sp-d16 -mfloat-abi=hard -mthumb -o "Core/Src/main.o"
arm-none-eabi-gcc -o "test_PWM.elf" @"objects.list"   -mcpu=cortex-m4 -T"C:\Users\stoluzarov\Documents\stm32\projects\test_PWM\STM32F407VGTX_FLASH.ld" --specs=nosys.specs -Wl,-Map="test_PWM.map" -Wl,--gc-sections -static --specs=nano.specs -mfpu=fpv4-sp-d16 -mfloat-abi=hard -mthumb -Wl,--start-group -lc -lm -Wl,--end-group
C:/ST/STM32CubeIDE_2.0.0/STM32CubeIDE/plugins/com.st.stm32cube.ide.mcu.externaltools.gnu-tools-for-stm32.13.3.rel1.win32_1.0.100.202509120712/tools/bin/../lib/gcc/arm-none-eabi/13.3.1/../../../../arm-none-eabi/bin/ld.exe: warning: test_PWM.elf has a LOAD segment with RWX permissions
Finished building target: test_PWM.elf
 
arm-none-eabi-size  test_PWM.elf 
arm-none-eabi-objdump -h -S test_PWM.elf  > "test_PWM.list"
   text	   data	    bss	    dec	    hex	filename
  11320	     20	   1716	  13056	   3300	test_PWM.elf
Finished building: default.size.stdout
 
Finished building: test_PWM.list
 
21:10:55 **** Incremental Build of configuration Debug for project test_PWM ****
make -j12 all 
arm-none-eabi-gcc "../Core/Src/main.c" -mcpu=cortex-m4 -std=gnu11 -g3 -DDEBUG -DUSE_HAL_DRIVER -DSTM32F407xx -c -I../Core/Inc -I../Drivers/STM32F4xx_HAL_Driver/Inc -I../Drivers/STM32F4xx_HAL_Driver/Inc/Legacy -I../Drivers/CMSIS/Device/ST/STM32F4xx/Include -I../Drivers/CMSIS/Include -O0 -ffunction-sections -fdata-sections -Wall -fstack-usage -fcyclomatic-complexity -MMD -MP -MF"Core/Src/main.d" -MT"Core/Src/main.o" --specs=nano.specs -mfpu=fpv4-sp-d16 -mfloat-abi=hard -mthumb -o "Core/Src/main.o"
arm-none-eabi-gcc -o "test_PWM.elf" @"objects.list"   -mcpu=cortex-m4 -T"C:\Users\stoluzarov\Documents\stm32\projects\test_PWM\STM32F407VGTX_FLASH.ld" --specs=nosys.specs -Wl,-Map="test_PWM.map" -Wl,--gc-sections -static --specs=nano.specs -mfpu=fpv4-sp-d16 -mfloat-abi=hard -mthumb -Wl,--start-group -lc -lm -Wl,--end-group
C:/ST/STM32CubeIDE_2.0.0/STM32CubeIDE/plugins/com.st.stm32cube.ide.mcu.externaltools.gnu-tools-for-stm32.13.3.rel1.win32_1.0.100.202509120712/tools/bin/../lib/gcc/arm-none-eabi/13.3.1/../../../../arm-none-eabi/bin/ld.exe: warning: test_PWM.elf has a LOAD segment with RWX permissions
Finished building target: test_PWM.elf
 
arm-none-eabi-size  test_PWM.elf 
arm-none-eabi-objdump -h -S test_PWM.elf  > "test_PWM.list"
   text	   data	    bss	    dec	    hex	filename
  11320	     20	   1716	  13056	   3300	test_PWM.elf
Finished building: default.size.stdout
 
Finished building: test_PWM.list
 
21:11:23 **** Incremental Build of configuration Debug for project test_PWM ****
make -j12 all 
arm-none-eabi-gcc "../Core/Src/main.c" -mcpu=cortex-m4 -std=gnu11 -g3 -DDEBUG -DUSE_HAL_DRIVER -DSTM32F407xx -c -I../Core/Inc -I../Drivers/STM32F4xx_HAL_Driver/Inc -I../Drivers/STM32F4xx_HAL_Driver/Inc/Legacy -I../Drivers/CMSIS/Device/ST/STM32F4xx/Include -I../Drivers/CMSIS/Include -O0 -ffunction-sections -fdata-sections -Wall -fstack-usage -fcyclomatic-complexity -MMD -MP -MF"Core/Src/main.d" -MT"Core/Src/main.o" --specs=nano.specs -mfpu=fpv4-sp-d16 -mfloat-abi=hard -mthumb -o "Core/Src/main.o"
arm-none-eabi-gcc -o "test_PWM.elf" @"objects.list"   -mcpu=cortex-m4 -T"C:\Users\stoluzarov\Documents\stm32\projects\test_PWM\STM32F407VGTX_FLASH.ld" --specs=nosys.specs -Wl,-Map="test_PWM.map" -Wl,--gc-sections -static --specs=nano.specs -mfpu=fpv4-sp-d16 -mfloat-abi=hard -mthumb -Wl,--start-group -lc -lm -Wl,--end-group
C:/ST/STM32CubeIDE_2.0.0/STM32CubeIDE/plugins/com.st.stm32cube.ide.mcu.externaltools.gnu-tools-for-stm32.13.3.rel1.win32_1.0.100.202509120712/tools/bin/../lib/gcc/arm-none-eabi/13.3.1/../../../../arm-none-eabi/bin/ld.exe: warning: test_PWM.elf has a LOAD segment with RWX permissions
Finished building target: test_PWM.elf
 
arm-none-eabi-size  test_PWM.elf 
arm-none-eabi-objdump -h -S test_PWM.elf  > "test_PWM.list"
   text	   data	    bss	    dec	    hex	filename
  11320	     20	   1716	  13056	   3300	test_PWM.elf
Finished building: default.size.stdout
 
Finished building: test_PWM.list
 
21:12:52 **** Incremental Build of configuration Debug for project test_PWM ****
make -j12 all 
arm-none-eabi-gcc "../Core/Src/main.c" -mcpu=cortex-m4 -std=gnu11 -g3 -DDEBUG -DUSE_HAL_DRIVER -DSTM32F407xx -c -I../Core/Inc -I../Drivers/STM32F4xx_HAL_Driver/Inc -I../Drivers/STM32F4xx_HAL_Driver/Inc/Legacy -I../Drivers/CMSIS/Device/ST/STM32F4xx/Include -I../Drivers/CMSIS/Include -O0 -ffunction-sections -fdata-sections -Wall -fstack-usage -fcyclomatic-complexity -MMD -MP -MF"Core/Src/main.d" -MT"Core/Src/main.o" --specs=nano.specs -mfpu=fpv4-sp-d16 -mfloat-abi=hard -mthumb -o "Core/Src/main.o"
arm-none-eabi-gcc -o "test_PWM.elf" @"objects.list"   -mcpu=cortex-m4 -T"C:\Users\stoluzarov\Documents\stm32\projects\test_PWM\STM32F407VGTX_FLASH.ld" --specs=nosys.specs -Wl,-Map="test_PWM.map" -Wl,--gc-sections -static --specs=nano.specs -mfpu=fpv4-sp-d16 -mfloat-abi=hard -mthumb -Wl,--start-group -lc -lm -Wl,--end-group
C:/ST/STM32CubeIDE_2.0.0/STM32CubeIDE/plugins/com.st.stm32cube.ide.mcu.externaltools.gnu-tools-for-stm32.13.3.rel1.win32_1.0.100.202509120712/tools/bin/../lib/gcc/arm-none-eabi/13.3.1/../../../../arm-none-eabi/bin/ld.exe: warning: test_PWM.elf has a LOAD segment with RWX permissions
Finished building target: test_PWM.elf
 
arm-none-eabi-size  test_PWM.elf 
arm-none-eabi-objdump -h -S test_PWM.elf  > "test_PWM.list"
   text	   data	    bss	    dec	    hex	filename
  11384	     20	   1716	  13120	   3340	test_PWM.elf
Finished building: default.size.stdout
 
Finished building: test_PWM.list
 
21:13:38 **** Incremental Build of configuration Debug for project test_PWM ****
make -j12 all 
arm-none-eabi-gcc "../Core/Src/main.c" -mcpu=cortex-m4 -std=gnu11 -g3 -DDEBUG -DUSE_HAL_DRIVER -DSTM32F407xx -c -I../Core/Inc -I../Drivers/STM32F4xx_HAL_Driver/Inc -I../Drivers/STM32F4xx_HAL_Driver/Inc/Legacy -I../Drivers/CMSIS/Device/ST/STM32F4xx/Include -I../Drivers/CMSIS/Include -O0 -ffunction-sections -fdata-sections -Wall -fstack-usage -fcyclomatic-complexity -MMD -MP -MF"Core/Src/main.d" -MT"Core/Src/main.o" --specs=nano.specs -mfpu=fpv4-sp-d16 -mfloat-abi=hard -mthumb -o "Core/Src/main.o"
arm-none-eabi-gcc -o "test_PWM.elf" @"objects.list"   -mcpu=cortex-m4 -T"C:\Users\stoluzarov\Documents\stm32\projects\test_PWM\STM32F407VGTX_FLASH.ld" --specs=nosys.specs -Wl,-Map="test_PWM.map" -Wl,--gc-sections -static --specs=nano.specs -mfpu=fpv4-sp-d16 -mfloat-abi=hard -mthumb -Wl,--start-group -lc -lm -Wl,--end-group
C:/ST/STM32CubeIDE_2.0.0/STM32CubeIDE/plugins/com.st.stm32cube.ide.mcu.externaltools.gnu-tools-for-stm32.13.3.rel1.win32_1.0.100.202509120712/tools/bin/../lib/gcc/arm-none-eabi/13.3.1/../../../../arm-none-eabi/bin/ld.exe: warning: test_PWM.elf has a LOAD segment with RWX permissions
Finished building target: test_PWM.elf
 
arm-none-eabi-size  test_PWM.elf 
arm-none-eabi-objdump -h -S test_PWM.elf  > "test_PWM.list"
   text	   data	    bss	    dec	    hex	filename
  11384	     20	   1716	  13120	   3340	test_PWM.elf
Finished building: default.size.stdout
 
Finished building: test_PWM.list
 
21:15:06 **** Incremental Build of configuration Debug for project test_PWM ****
make -j12 all 
arm-none-eabi-gcc "../Core/Src/main.c" -mcpu=cortex-m4 -std=gnu11 -g3 -DDEBUG -DUSE_HAL_DRIVER -DSTM32F407xx -c -I../Core/Inc -I../Drivers/STM32F4xx_HAL_Driver/Inc -I../Drivers/STM32F4xx_HAL_Driver/Inc/Legacy -I../Drivers/CMSIS/Device/ST/STM32F4xx/Include -I../Drivers/CMSIS/Include -O0 -ffunction-sections -fdata-sections -Wall -fstack-usage -fcyclomatic-complexity -MMD -MP -MF"Core/Src/main.d" -MT"Core/Src/main.o" --specs=nano.specs -mfpu=fpv4-sp-d16 -mfloat-abi=hard -mthumb -o "Core/Src/main.o"
arm-none-eabi-gcc -o "test_PWM.elf" @"objects.list"   -mcpu=cortex-m4 -T"C:\Users\stoluzarov\Documents\stm32\projects\test_PWM\STM32F407VGTX_FLASH.ld" --specs=nosys.specs -Wl,-Map="test_PWM.map" -Wl,--gc-sections -static --specs=nano.specs -mfpu=fpv4-sp-d16 -mfloat-abi=hard -mthumb -Wl,--start-group -lc -lm -Wl,--end-group
C:/ST/STM32CubeIDE_2.0.0/STM32CubeIDE/plugins/com.st.stm32cube.ide.mcu.externaltools.gnu-tools-for-stm32.13.3.rel1.win32_1.0.100.202509120712/tools/bin/../lib/gcc/arm-none-eabi/13.3.1/../../../../arm-none-eabi/bin/ld.exe: warning: test_PWM.elf has a LOAD segment with RWX permissions
Finished building target: test_PWM.elf
 
arm-none-eabi-size  test_PWM.elf 
arm-none-eabi-objdump -h -S test_PWM.elf  > "test_PWM.list"
   text	   data	    bss	    dec	    hex	filename
  11376	     20	   1716	  13112	   3338	test_PWM.elf
Finished building: default.size.stdout
 
Finished building: test_PWM.list
 
21:16:11 **** Incremental Build of configuration Debug for project test_PWM ****
make -j12 all 
arm-none-eabi-gcc "../Core/Src/main.c" -mcpu=cortex-m4 -std=gnu11 -g3 -DDEBUG -DUSE_HAL_DRIVER -DSTM32F407xx -c -I../Core/Inc -I../Drivers/STM32F4xx_HAL_Driver/Inc -I../Drivers/STM32F4xx_HAL_Driver/Inc/Legacy -I../Drivers/CMSIS/Device/ST/STM32F4xx/Include -I../Drivers/CMSIS/Include -O0 -ffunction-sections -fdata-sections -Wall -fstack-usage -fcyclomatic-complexity -MMD -MP -MF"Core/Src/main.d" -MT"Core/Src/main.o" --specs=nano.specs -mfpu=fpv4-sp-d16 -mfloat-abi=hard -mthumb -o "Core/Src/main.o"
arm-none-eabi-gcc -o "test_PWM.elf" @"objects.list"   -mcpu=cortex-m4 -T"C:\Users\stoluzarov\Documents\stm32\projects\test_PWM\STM32F407VGTX_FLASH.ld" --specs=nosys.specs -Wl,-Map="test_PWM.map" -Wl,--gc-sections -static --specs=nano.specs -mfpu=fpv4-sp-d16 -mfloat-abi=hard -mthumb -Wl,--start-group -lc -lm -Wl,--end-group
C:/ST/STM32CubeIDE_2.0.0/STM32CubeIDE/plugins/com.st.stm32cube.ide.mcu.externaltools.gnu-tools-for-stm32.13.3.rel1.win32_1.0.100.202509120712/tools/bin/../lib/gcc/arm-none-eabi/13.3.1/../../../../arm-none-eabi/bin/ld.exe: warning: test_PWM.elf has a LOAD segment with RWX permissions
Finished building target: test_PWM.elf
 
arm-none-eabi-size  test_PWM.elf 
arm-none-eabi-objdump -h -S test_PWM.elf  > "test_PWM.list"
   text	   data	    bss	    dec	    hex	filename
  11376	     20	   1716	  13112	   3338	test_PWM.elf
Finished building: default.size.stdout
 
Finished building: test_PWM.list
 
21:17:33 **** Incremental Build of configuration Debug for project test_PWM ****
make -j12 all 
arm-none-eabi-gcc "../Core/Src/main.c" -mcpu=cortex-m4 -std=gnu11 -g3 -DDEBUG -DUSE_HAL_DRIVER -DSTM32F407xx -c -I../Core/Inc -I../Drivers/STM32F4xx_HAL_Driver/Inc -I../Drivers/STM32F4xx_HAL_Driver/Inc/Legacy -I../Drivers/CMSIS/Device/ST/STM32F4xx/Include -I../Drivers/CMSIS/Include -O0 -ffunction-sections -fdata-sections -Wall -fstack-usage -fcyclomatic-complexity -MMD -MP -MF"Core/Src/main.d" -MT"Core/Src/main.o" --specs=nano.specs -mfpu=fpv4-sp-d16 -mfloat-abi=hard -mthumb -o "Core/Src/main.o"
arm-none-eabi-gcc -o "test_PWM.elf" @"objects.list"   -mcpu=cortex-m4 -T"C:\Users\stoluzarov\Documents\stm32\projects\test_PWM\STM32F407VGTX_FLASH.ld" --specs=nosys.specs -Wl,-Map="test_PWM.map" -Wl,--gc-sections -static --specs=nano.specs -mfpu=fpv4-sp-d16 -mfloat-abi=hard -mthumb -Wl,--start-group -lc -lm -Wl,--end-group
C:/ST/STM32CubeIDE_2.0.0/STM32CubeIDE/plugins/com.st.stm32cube.ide.mcu.externaltools.gnu-tools-for-stm32.13.3.rel1.win32_1.0.100.202509120712/tools/bin/../lib/gcc/arm-none-eabi/13.3.1/../../../../arm-none-eabi/bin/ld.exe: warning: test_PWM.elf has a LOAD segment with RWX permissions
Finished building target: test_PWM.elf
 
arm-none-eabi-size  test_PWM.elf 
arm-none-eabi-objdump -h -S test_PWM.elf  > "test_PWM.list"
   text	   data	    bss	    dec	    hex	filename
  11376	     20	   1716	  13112	   3338	test_PWM.elf
Finished building: default.size.stdout
 
Finished building: test_PWM.list
 
21:19:09 **** Incremental Build of configuration Debug for project test_PWM ****
make -j12 all 
arm-none-eabi-gcc "../Core/Src/main.c" -mcpu=cortex-m4 -std=gnu11 -g3 -DDEBUG -DUSE_HAL_DRIVER -DSTM32F407xx -c -I../Core/Inc -I../Drivers/STM32F4xx_HAL_Driver/Inc -I../Drivers/STM32F4xx_HAL_Driver/Inc/Legacy -I../Drivers/CMSIS/Device/ST/STM32F4xx/Include -I../Drivers/CMSIS/Include -O0 -ffunction-sections -fdata-sections -Wall -fstack-usage -fcyclomatic-complexity -MMD -MP -MF"Core/Src/main.d" -MT"Core/Src/main.o" --specs=nano.specs -mfpu=fpv4-sp-d16 -mfloat-abi=hard -mthumb -o "Core/Src/main.o"
arm-none-eabi-gcc -o "test_PWM.elf" @"objects.list"   -mcpu=cortex-m4 -T"C:\Users\stoluzarov\Documents\stm32\projects\test_PWM\STM32F407VGTX_FLASH.ld" --specs=nosys.specs -Wl,-Map="test_PWM.map" -Wl,--gc-sections -static --specs=nano.specs -mfpu=fpv4-sp-d16 -mfloat-abi=hard -mthumb -Wl,--start-group -lc -lm -Wl,--end-group
C:/ST/STM32CubeIDE_2.0.0/STM32CubeIDE/plugins/com.st.stm32cube.ide.mcu.externaltools.gnu-tools-for-stm32.13.3.rel1.win32_1.0.100.202509120712/tools/bin/../lib/gcc/arm-none-eabi/13.3.1/../../../../arm-none-eabi/bin/ld.exe: warning: test_PWM.elf has a LOAD segment with RWX permissions
Finished building target: test_PWM.elf
 
arm-none-eabi-size  test_PWM.elf 
arm-none-eabi-objdump -h -S test_PWM.elf  > "test_PWM.list"
   text	   data	    bss	    dec	    hex	filename
  11376	     20	   1716	  13112	   3338	test_PWM.elf
Finished building: default.size.stdout
 
Finished building: test_PWM.list
 
21:20:06 **** Incremental Build of configuration Debug for project test_PWM ****
make -j12 all 
arm-none-eabi-gcc -o "test_PWM.elf" @"objects.list"   -mcpu=cortex-m4 -T"C:\Users\stoluzarov\Documents\stm32\projects\test_PWM\STM32F407VGTX_FLASH.ld" --specs=nosys.specs -Wl,-Map="test_PWM.map" -Wl,--gc-sections -static --specs=nano.specs -mfpu=fpv4-sp-d16 -mfloat-abi=hard -mthumb -Wl,--start-group -lc -lm -Wl,--end-group
C:/ST/STM32CubeIDE_2.0.0/STM32CubeIDE/plugins/com.st.stm32cube.ide.mcu.externaltools.gnu-tools-for-stm32.13.3.rel1.win32_1.0.100.202509120712/tools/bin/../lib/gcc/arm-none-eabi/13.3.1/../../../../arm-none-eabi/bin/ld.exe: warning: test_PWM.elf has a LOAD segment with RWX permissions
Finished building target: test_PWM.elf
 
arm-none-eabi-size  test_PWM.elf 
arm-none-eabi-objdump -h -S test_PWM.elf  > "test_PWM.list"
   text	   data	    bss	    dec	    hex	filename
  11376	     20	   1716	  13112	   3338	test_PWM.elf
Finished building: default.size.stdout
 
Finished building: test_PWM.list
 
21:20:42 **** Incremental Build of configuration Debug for project test_PWM ****
make -j12 all 
arm-none-eabi-gcc -o "test_PWM.elf" @"objects.list"   -mcpu=cortex-m4 -T"C:\Users\stoluzarov\Documents\stm32\projects\test_PWM\STM32F407VGTX_FLASH.ld" --specs=nosys.specs -Wl,-Map="test_PWM.map" -Wl,--gc-sections -static --specs=nano.specs -mfpu=fpv4-sp-d16 -mfloat-abi=hard -mthumb -Wl,--start-group -lc -lm -Wl,--end-group
C:/ST/STM32CubeIDE_2.0.0/STM32CubeIDE/plugins/com.st.stm32cube.ide.mcu.externaltools.gnu-tools-for-stm32.13.3.rel1.win32_1.0.100.202509120712/tools/bin/../lib/gcc/arm-none-eabi/13.3.1/../../../../arm-none-eabi/bin/ld.exe: warning: test_PWM.elf has a LOAD segment with RWX permissions
Finished building target: test_PWM.elf
 
arm-none-eabi-size  test_PWM.elf 
arm-none-eabi-objdump -h -S test_PWM.elf  > "test_PWM.list"
   text	   data	    bss	    dec	    hex	filename
  11376	     20	   1716	  13112	   3338	test_PWM.elf
Finished building: default.size.stdout
 
Finished building: test_PWM.list
 
21:22:02 **** Incremental Build of configuration Debug for project test_PWM ****
make -j12 all 
arm-none-eabi-gcc "../Core/Src/main.c" -mcpu=cortex-m4 -std=gnu11 -g3 -DDEBUG -DUSE_HAL_DRIVER -DSTM32F407xx -c -I../Core/Inc -I../Drivers/STM32F4xx_HAL_Driver/Inc -I../Drivers/STM32F4xx_HAL_Driver/Inc/Legacy -I../Drivers/CMSIS/Device/ST/STM32F4xx/Include -I../Drivers/CMSIS/Include -O0 -ffunction-sections -fdata-sections -Wall -fstack-usage -fcyclomatic-complexity -MMD -MP -MF"Core/Src/main.d" -MT"Core/Src/main.o" --specs=nano.specs -mfpu=fpv4-sp-d16 -mfloat-abi=hard -mthumb -o "Core/Src/main.o"
arm-none-eabi-gcc "../Core/Src/stm32f4xx_it.c" -mcpu=cortex-m4 -std=gnu11 -g3 -DDEBUG -DUSE_HAL_DRIVER -DSTM32F407xx -c -I../Core/Inc -I../Drivers/STM32F4xx_HAL_Driver/Inc -I../Drivers/STM32F4xx_HAL_Driver/Inc/Legacy -I../Drivers/CMSIS/Device/ST/STM32F4xx/Include -I../Drivers/CMSIS/Include -O0 -ffunction-sections -fdata-sections -Wall -fstack-usage -fcyclomatic-complexity -MMD -MP -MF"Core/Src/stm32f4xx_it.d" -MT"Core/Src/stm32f4xx_it.o" --specs=nano.specs -mfpu=fpv4-sp-d16 -mfloat-abi=hard -mthumb -o "Core/Src/stm32f4xx_it.o"
arm-none-eabi-gcc -o "test_PWM.elf" @"objects.list"   -mcpu=cortex-m4 -T"C:\Users\stoluzarov\Documents\stm32\projects\test_PWM\STM32F407VGTX_FLASH.ld" --specs=nosys.specs -Wl,-Map="test_PWM.map" -Wl,--gc-sections -static --specs=nano.specs -mfpu=fpv4-sp-d16 -mfloat-abi=hard -mthumb -Wl,--start-group -lc -lm -Wl,--end-group
C:/ST/STM32CubeIDE_2.0.0/STM32CubeIDE/plugins/com.st.stm32cube.ide.mcu.externaltools.gnu-tools-for-stm32.13.3.rel1.win32_1.0.100.202509120712/tools/bin/../lib/gcc/arm-none-eabi/13.3.1/../../../../arm-none-eabi/bin/ld.exe: warning: test_PWM.elf has a LOAD segment with RWX permissions
Finished building target: test_PWM.elf
 
arm-none-eabi-size  test_PWM.elf 
arm-none-eabi-objdump -h -S test_PWM.elf  > "test_PWM.list"
   text	   data	    bss	    dec	    hex	filename
  11376	     20	   1716	  13112	   3338	test_PWM.elf
Finished building: default.size.stdout
 
Finished building: test_PWM.list
 
21:22:17 **** Incremental Build of configuration Debug for project test_PWM ****
make -j12 all 
arm-none-eabi-size  test_PWM.elf 
   text	   data	    bss	    dec	    hex	filename
  11376	     20	   1716	  13112	   3338	test_PWM.elf
Finished building: default.size.stdout
 
21:22:53 **** Incremental Build of configuration Debug for project test_PWM ****
make -j12 all 
arm-none-eabi-gcc "../Core/Src/main.c" -mcpu=cortex-m4 -std=gnu11 -g3 -DDEBUG -DUSE_HAL_DRIVER -DSTM32F407xx -c -I../Core/Inc -I../Drivers/STM32F4xx_HAL_Driver/Inc -I../Drivers/STM32F4xx_HAL_Driver/Inc/Legacy -I../Drivers/CMSIS/Device/ST/STM32F4xx/Include -I../Drivers/CMSIS/Include -O0 -ffunction-sections -fdata-sections -Wall -fstack-usage -fcyclomatic-complexity -MMD -MP -MF"Core/Src/main.d" -MT"Core/Src/main.o" --specs=nano.specs -mfpu=fpv4-sp-d16 -mfloat-abi=hard -mthumb -o "Core/Src/main.o"
arm-none-eabi-gcc "../Core/Src/stm32f4xx_it.c" -mcpu=cortex-m4 -std=gnu11 -g3 -DDEBUG -DUSE_HAL_DRIVER -DSTM32F407xx -c -I../Core/Inc -I../Drivers/STM32F4xx_HAL_Driver/Inc -I../Drivers/STM32F4xx_HAL_Driver/Inc/Legacy -I../Drivers/CMSIS/Device/ST/STM32F4xx/Include -I../Drivers/CMSIS/Include -O0 -ffunction-sections -fdata-sections -Wall -fstack-usage -fcyclomatic-complexity -MMD -MP -MF"Core/Src/stm32f4xx_it.d" -MT"Core/Src/stm32f4xx_it.o" --specs=nano.specs -mfpu=fpv4-sp-d16 -mfloat-abi=hard -mthumb -o "Core/Src/stm32f4xx_it.o"
arm-none-eabi-gcc -o "test_PWM.elf" @"objects.list"   -mcpu=cortex-m4 -T"C:\Users\stoluzarov\Documents\stm32\projects\test_PWM\STM32F407VGTX_FLASH.ld" --specs=nosys.specs -Wl,-Map="test_PWM.map" -Wl,--gc-sections -static --specs=nano.specs -mfpu=fpv4-sp-d16 -mfloat-abi=hard -mthumb -Wl,--start-group -lc -lm -Wl,--end-group
C:/ST/STM32CubeIDE_2.0.0/STM32CubeIDE/plugins/com.st.stm32cube.ide.mcu.externaltools.gnu-tools-for-stm32.13.3.rel1.win32_1.0.100.202509120712/tools/bin/../lib/gcc/arm-none-eabi/13.3.1/../../../../arm-none-eabi/bin/ld.exe: warning: test_PWM.elf has a LOAD segment with RWX permissions
Finished building target: test_PWM.elf
 
arm-none-eabi-size  test_PWM.elf 
arm-none-eabi-objdump -h -S test_PWM.elf  > "test_PWM.list"
   text	   data	    bss	    dec	    hex	filename
  11376	     20	   1716	  13112	   3338	test_PWM.elf
Finished building: default.size.stdout
 
Finished building: test_PWM.list
 
21:35:05 **** Incremental Build of configuration Debug for project test_PWM ****
make -j12 all 
arm-none-eabi-gcc "../Core/Src/main.c" -mcpu=cortex-m4 -std=gnu11 -g3 -DDEBUG -DUSE_HAL_DRIVER -DSTM32F407xx -c -I../Core/Inc -I../Drivers/STM32F4xx_HAL_Driver/Inc -I../Drivers/STM32F4xx_HAL_Driver/Inc/Legacy -I../Drivers/CMSIS/Device/ST/STM32F4xx/Include -I../Drivers/CMSIS/Include -O0 -ffunction-sections -fdata-sections -Wall -fstack-usage -fcyclomatic-complexity -MMD -MP -MF"Core/Src/main.d" -MT"Core/Src/main.o" --specs=nano.specs -mfpu=fpv4-sp-d16 -mfloat-abi=hard -mthumb -o "Core/Src/main.o"
arm-none-eabi-gcc "../Core/Src/stm32f4xx_hal_msp.c" -mcpu=cortex-m4 -std=gnu11 -g3 -DDEBUG -DUSE_HAL_DRIVER -DSTM32F407xx -c -I../Core/Inc -I../Drivers/STM32F4xx_HAL_Driver/Inc -I../Drivers/STM32F4xx_HAL_Driver/Inc/Legacy -I../Drivers/CMSIS/Device/ST/STM32F4xx/Include -I../Drivers/CMSIS/Include -O0 -ffunction-sections -fdata-sections -Wall -fstack-usage -fcyclomatic-complexity -MMD -MP -MF"Core/Src/stm32f4xx_hal_msp.d" -MT"Core/Src/stm32f4xx_hal_msp.o" --specs=nano.specs -mfpu=fpv4-sp-d16 -mfloat-abi=hard -mthumb -o "Core/Src/stm32f4xx_hal_msp.o"
arm-none-eabi-gcc "../Core/Src/stm32f4xx_it.c" -mcpu=cortex-m4 -std=gnu11 -g3 -DDEBUG -DUSE_HAL_DRIVER -DSTM32F407xx -c -I../Core/Inc -I../Drivers/STM32F4xx_HAL_Driver/Inc -I../Drivers/STM32F4xx_HAL_Driver/Inc/Legacy -I../Drivers/CMSIS/Device/ST/STM32F4xx/Include -I../Drivers/CMSIS/Include -O0 -ffunction-sections -fdata-sections -Wall -fstack-usage -fcyclomatic-complexity -MMD -MP -MF"Core/Src/stm32f4xx_it.d" -MT"Core/Src/stm32f4xx_it.o" --specs=nano.specs -mfpu=fpv4-sp-d16 -mfloat-abi=hard -mthumb -o "Core/Src/stm32f4xx_it.o"
arm-none-eabi-gcc -o "test_PWM.elf" @"objects.list"   -mcpu=cortex-m4 -T"C:\Users\stoluzarov\Documents\stm32\projects\test_PWM\STM32F407VGTX_FLASH.ld" --specs=nosys.specs -Wl,-Map="test_PWM.map" -Wl,--gc-sections -static --specs=nano.specs -mfpu=fpv4-sp-d16 -mfloat-abi=hard -mthumb -Wl,--start-group -lc -lm -Wl,--end-group
C:/ST/STM32CubeIDE_2.0.0/STM32CubeIDE/plugins/com.st.stm32cube.ide.mcu.externaltools.gnu-tools-for-stm32.13.3.rel1.win32_1.0.100.202509120712/tools/bin/../lib/gcc/arm-none-eabi/13.3.1/../../../../arm-none-eabi/bin/ld.exe: ./Core/Src/stm32f4xx_hal_msp.o:C:/Users/stoluzarov/Documents/stm32/projects/test_PWM/Debug/../Core/Inc/main.h:34: multiple definition of `tim_counter'; ./Core/Src/main.o:C:/Users/stoluzarov/Documents/stm32/projects/test_PWM/Debug/../Core/Inc/main.h:34: first defined here
C:/ST/STM32CubeIDE_2.0.0/STM32CubeIDE/plugins/com.st.stm32cube.ide.mcu.externaltools.gnu-tools-for-stm32.13.3.rel1.win32_1.0.100.202509120712/tools/bin/../lib/gcc/arm-none-eabi/13.3.1/../../../../arm-none-eabi/bin/ld.exe: ./Core/Src/stm32f4xx_hal_msp.o:C:/Users/stoluzarov/Documents/stm32/projects/test_PWM/Debug/../Core/Inc/main.h:35: multiple definition of `i'; ./Core/Src/main.o:C:/Users/stoluzarov/Documents/stm32/projects/test_PWM/Debug/../Core/Inc/main.h:35: first defined here
C:/ST/STM32CubeIDE_2.0.0/STM32CubeIDE/plugins/com.st.stm32cube.ide.mcu.externaltools.gnu-tools-for-stm32.13.3.rel1.win32_1.0.100.202509120712/tools/bin/../lib/gcc/arm-none-eabi/13.3.1/../../../../arm-none-eabi/bin/ld.exe: ./Core/Src/stm32f4xx_hal_msp.o:C:/Users/stoluzarov/Documents/stm32/projects/test_PWM/Debug/../Core/Inc/main.h:35: multiple definition of `d'; ./Core/Src/main.o:C:/Users/stoluzarov/Documents/stm32/projects/test_PWM/Debug/../Core/Inc/main.h:35: first defined here
C:/ST/STM32CubeIDE_2.0.0/STM32CubeIDE/plugins/com.st.stm32cube.ide.mcu.externaltools.gnu-tools-for-stm32.13.3.rel1.win32_1.0.100.202509120712/tools/bin/../lib/gcc/arm-none-eabi/13.3.1/../../../../arm-none-eabi/bin/ld.exe: ./Core/Src/stm32f4xx_it.o:C:/Users/stoluzarov/Documents/stm32/projects/test_PWM/Debug/../Core/Inc/main.h:34: multiple definition of `tim_counter'; ./Core/Src/main.o:C:/Users/stoluzarov/Documents/stm32/projects/test_PWM/Debug/../Core/Inc/main.h:34: first defined here
C:/ST/STM32CubeIDE_2.0.0/STM32CubeIDE/plugins/com.st.stm32cube.ide.mcu.externaltools.gnu-tools-for-stm32.13.3.rel1.win32_1.0.100.202509120712/tools/bin/../lib/gcc/arm-none-eabi/13.3.1/../../../../arm-none-eabi/bin/ld.exe: ./Core/Src/stm32f4xx_it.o:C:/Users/stoluzarov/Documents/stm32/projects/test_PWM/Debug/../Core/Inc/main.h:35: multiple definition of `i'; ./Core/Src/main.o:C:/Users/stoluzarov/Documents/stm32/projects/test_PWM/Debug/../Core/Inc/main.h:35: first defined here
C:/ST/STM32CubeIDE_2.0.0/STM32CubeIDE/plugins/com.st.stm32cube.ide.mcu.externaltools.gnu-tools-for-stm32.13.3.rel1.win32_1.0.100.202509120712/tools/bin/../lib/gcc/arm-none-eabi/13.3.1/../../../../arm-none-eabi/bin/ld.exe: ./Core/Src/stm32f4xx_it.o:C:/Users/stoluzarov/Documents/stm32/projects/test_PWM/Debug/../Core/Inc/main.h:35: multiple definition of `d'; ./Core/Src/main.o:C:/Users/stoluzarov/Documents/stm32/projects/test_PWM/Debug/../Core/Inc/main.h:35: first defined here
C:/ST/STM32CubeIDE_2.0.0/STM32CubeIDE/plugins/com.st.stm32cube.ide.mcu.externaltools.gnu-tools-for-stm32.13.3.rel1.win32_1.0.100.202509120712/tools/bin/../lib/gcc/arm-none-eabi/13.3.1/../../../../arm-none-eabi/bin/ld.exe: warning: test_PWM.elf has a LOAD segment with RWX permissions
collect2.exe: error: ld returned 1 exit status
make: *** [makefile:64: test_PWM.elf] Error 1
"make -j12 all" terminated with exit code 2. Build might be incomplete.
21:47:54 **** Incremental Build of configuration Debug for project test_PWM ****
make -j12 all 
arm-none-eabi-gcc "../Core/Src/main.c" -mcpu=cortex-m4 -std=gnu11 -g3 -DDEBUG -DUSE_HAL_DRIVER -DSTM32F407xx -c -I../Core/Inc -I../Drivers/STM32F4xx_HAL_Driver/Inc -I../Drivers/STM32F4xx_HAL_Driver/Inc/Legacy -I../Drivers/CMSIS/Device/ST/STM32F4xx/Include -I../Drivers/CMSIS/Include -O0 -ffunction-sections -fdata-sections -Wall -fstack-usage -fcyclomatic-complexity -MMD -MP -MF"Core/Src/main.d" -MT"Core/Src/main.o" --specs=nano.specs -mfpu=fpv4-sp-d16 -mfloat-abi=hard -mthumb -o "Core/Src/main.o"
arm-none-eabi-gcc "../Core/Src/stm32f4xx_hal_msp.c" -mcpu=cortex-m4 -std=gnu11 -g3 -DDEBUG -DUSE_HAL_DRIVER -DSTM32F407xx -c -I../Core/Inc -I../Drivers/STM32F4xx_HAL_Driver/Inc -I../Drivers/STM32F4xx_HAL_Driver/Inc/Legacy -I../Drivers/CMSIS/Device/ST/STM32F4xx/Include -I../Drivers/CMSIS/Include -O0 -ffunction-sections -fdata-sections -Wall -fstack-usage -fcyclomatic-complexity -MMD -MP -MF"Core/Src/stm32f4xx_hal_msp.d" -MT"Core/Src/stm32f4xx_hal_msp.o" --specs=nano.specs -mfpu=fpv4-sp-d16 -mfloat-abi=hard -mthumb -o "Core/Src/stm32f4xx_hal_msp.o"
arm-none-eabi-gcc "../Core/Src/stm32f4xx_it.c" -mcpu=cortex-m4 -std=gnu11 -g3 -DDEBUG -DUSE_HAL_DRIVER -DSTM32F407xx -c -I../Core/Inc -I../Drivers/STM32F4xx_HAL_Driver/Inc -I../Drivers/STM32F4xx_HAL_Driver/Inc/Legacy -I../Drivers/CMSIS/Device/ST/STM32F4xx/Include -I../Drivers/CMSIS/Include -O0 -ffunction-sections -fdata-sections -Wall -fstack-usage -fcyclomatic-complexity -MMD -MP -MF"Core/Src/stm32f4xx_it.d" -MT"Core/Src/stm32f4xx_it.o" --specs=nano.specs -mfpu=fpv4-sp-d16 -mfloat-abi=hard -mthumb -o "Core/Src/stm32f4xx_it.o"
../Core/Src/main.c: In function 'main':
../Core/Src/main.c:73:17: warning: unused variable 'tim6_counter' [-Wunused-variable]
   73 |         uint8_t tim6_counter = 0;
      |                 ^~~~~~~~~~~~
../Core/Src/main.c:72:21: warning: unused variable 'd' [-Wunused-variable]
   72 |         uint32_t i, d;
      |                     ^
../Core/Src/main.c:72:18: warning: unused variable 'i' [-Wunused-variable]
   72 |         uint32_t i, d;
      |                  ^
../Core/Src/stm32f4xx_it.c: In function 'TIM6_DAC_IRQHandler':
../Core/Src/stm32f4xx_it.c:228:10: error: 'tim6_counter' undeclared (first use in this function); did you mean 'tim_counter'?
  228 |   switch(tim6_counter){
      |          ^~~~~~~~~~~~
      |          tim_counter
../Core/Src/stm32f4xx_it.c:228:10: note: each undeclared identifier is reported only once for each function it appears in
../Core/Src/stm32f4xx_it.c:230:44: error: 'GPIO_PIN12' undeclared (first use in this function); did you mean 'GPIO_PIN_2'?
  230 |                   HAL_GPIO_WritePin(GPIOD, GPIO_PIN12 | GPIO_PIN13 | GPIO_PIN14 | GPIO_PIN15, GPIO_PIN_RESET);
      |                                            ^~~~~~~~~~
      |                                            GPIO_PIN_2
../Core/Src/stm32f4xx_it.c:230:57: error: 'GPIO_PIN13' undeclared (first use in this function); did you mean 'GPIO_PIN_3'?
  230 |                   HAL_GPIO_WritePin(GPIOD, GPIO_PIN12 | GPIO_PIN13 | GPIO_PIN14 | GPIO_PIN15, GPIO_PIN_RESET);
      |                                                         ^~~~~~~~~~
      |                                                         GPIO_PIN_3
../Core/Src/stm32f4xx_it.c:230:70: error: 'GPIO_PIN14' undeclared (first use in this function); did you mean 'GPIO_PIN_4'?
  230 |                   HAL_GPIO_WritePin(GPIOD, GPIO_PIN12 | GPIO_PIN13 | GPIO_PIN14 | GPIO_PIN15, GPIO_PIN_RESET);
      |                                                                      ^~~~~~~~~~
      |                                                                      GPIO_PIN_4
../Core/Src/stm32f4xx_it.c:230:83: error: 'GPIO_PIN15' undeclared (first use in this function); did you mean 'GPIO_PIN_15'?
  230 |                   HAL_GPIO_WritePin(GPIOD, GPIO_PIN12 | GPIO_PIN13 | GPIO_PIN14 | GPIO_PIN15, GPIO_PIN_RESET);
      |                                                                                   ^~~~~~~~~~
      |                                                                                   GPIO_PIN_15
../Core/Src/stm32f4xx_it.c:231:19: error: too few arguments to function 'HAL_GPIO_WritePin'
  231 |                   HAL_GPIO_WritePin(GPIOD, GPIO_PIN15);
      |                   ^~~~~~~~~~~~~~~~~
In file included from ../Core/Inc/stm32f4xx_hal_conf.h:279,
                 from ../Drivers/STM32F4xx_HAL_Driver/Inc/stm32f4xx_hal.h:29,
                 from ../Core/Inc/main.h:30,
                 from ../Core/Src/stm32f4xx_it.c:21:
../Drivers/STM32F4xx_HAL_Driver/Inc/stm32f4xx_hal_gpio.h:235:6: note: declared here
  235 | void HAL_GPIO_WritePin(GPIO_TypeDef* GPIOx, uint16_t GPIO_Pin, GPIO_PinState PinState);
      |      ^~~~~~~~~~~~~~~~~
make: *** [Core/Src/subdir.mk:34: Core/Src/stm32f4xx_it.o] Error 1
make: *** Waiting for unfinished jobs....
"make -j12 all" terminated with exit code 2. Build might be incomplete.
21:48:29 **** Incremental Build of configuration Debug for project test_PWM ****
make -j12 all 
arm-none-eabi-gcc "../Core/Src/stm32f4xx_it.c" -mcpu=cortex-m4 -std=gnu11 -g3 -DDEBUG -DUSE_HAL_DRIVER -DSTM32F407xx -c -I../Core/Inc -I../Drivers/STM32F4xx_HAL_Driver/Inc -I../Drivers/STM32F4xx_HAL_Driver/Inc/Legacy -I../Drivers/CMSIS/Device/ST/STM32F4xx/Include -I../Drivers/CMSIS/Include -O0 -ffunction-sections -fdata-sections -Wall -fstack-usage -fcyclomatic-complexity -MMD -MP -MF"Core/Src/stm32f4xx_it.d" -MT"Core/Src/stm32f4xx_it.o" --specs=nano.specs -mfpu=fpv4-sp-d16 -mfloat-abi=hard -mthumb -o "Core/Src/stm32f4xx_it.o"
[...]
  282 |   __HAL_RCC_GPIOA_CLK_ENABLE();
      |   ^~~~~~~~~~~~~~~~~~~~~~~~~~
../Core/Inc/main.h:34:21: warning: type defaults to 'int' in declaration of 'd' [-Wimplicit-int]
   34 | #define uint32_t i, d;
      |                     ^
../Drivers/STM32F4xx_HAL_Driver/Inc/stm32f4xx_hal_rcc.h:385:50: note: in expansion of macro 'uint32_t'
  385 |                                             __IO uint32_t tmpreg = 0x00U; \
      |                                                  ^~~~~~~~
../Core/Src/main.c:282:3: note: in expansion of macro '__HAL_RCC_GPIOA_CLK_ENABLE'
  282 |   __HAL_RCC_GPIOA_CLK_ENABLE();
      |   ^~~~~~~~~~~~~~~~~~~~~~~~~~
../Core/Inc/main.h:34:21: warning: unused variable 'd' [-Wunused-variable]
   34 | #define uint32_t i, d;
      |                     ^
../Drivers/STM32F4xx_HAL_Driver/Inc/stm32f4xx_hal_rcc.h:385:50: note: in expansion of macro 'uint32_t'
  385 |                                             __IO uint32_t tmpreg = 0x00U; \
      |                                                  ^~~~~~~~
../Core/Src/main.c:282:3: note: in expansion of macro '__HAL_RCC_GPIOA_CLK_ENABLE'
  282 |   __HAL_RCC_GPIOA_CLK_ENABLE();
      |   ^~~~~~~~~~~~~~~~~~~~~~~~~~
../Core/Inc/main.h:34:18: warning: unused variable 'i' [-Wunused-variable]
   34 | #define uint32_t i, d;
      |                  ^
../Drivers/STM32F4xx_HAL_Driver/Inc/stm32f4xx_hal_rcc.h:385:50: note: in expansion of macro 'uint32_t'
  385 |                                             __IO uint32_t tmpreg = 0x00U; \
      |                                                  ^~~~~~~~
../Core/Src/main.c:282:3: note: in expansion of macro '__HAL_RCC_GPIOA_CLK_ENABLE'
  282 |   __HAL_RCC_GPIOA_CLK_ENABLE();
      |   ^~~~~~~~~~~~~~~~~~~~~~~~~~
../Core/Inc/main.h:34:18: warning: type defaults to 'int' in declaration of 'i' [-Wimplicit-int]
   34 | #define uint32_t i, d;
      |                  ^
../Drivers/STM32F4xx_HAL_Driver/Inc/stm32f4xx_hal_rcc_ex.h:2059:50: note: in expansion of macro 'uint32_t'
 2059 |                                             __IO uint32_t tmpreg = 0x00U; \
      |                                                  ^~~~~~~~
../Core/Src/main.c:283:3: note: in expansion of macro '__HAL_RCC_GPIOD_CLK_ENABLE'
  283 |   __HAL_RCC_GPIOD_CLK_ENABLE();
      |   ^~~~~~~~~~~~~~~~~~~~~~~~~~
../Core/Inc/main.h:34:21: warning: type defaults to 'int' in declaration of 'd' [-Wimplicit-int]
   34 | #define uint32_t i, d;
      |                     ^
../Drivers/STM32F4xx_HAL_Driver/Inc/stm32f4xx_hal_rcc_ex.h:2059:50: note: in expansion of macro 'uint32_t'
 2059 |                                             __IO uint32_t tmpreg = 0x00U; \
      |                                                  ^~~~~~~~
../Core/Src/main.c:283:3: note: in expansion of macro '__HAL_RCC_GPIOD_CLK_ENABLE'
  283 |   __HAL_RCC_GPIOD_CLK_ENABLE();
      |   ^~~~~~~~~~~~~~~~~~~~~~~~~~
../Core/Inc/main.h:34:21: warning: unused variable 'd' [-Wunused-variable]
   34 | #define uint32_t i, d;
      |                     ^
../Drivers/STM32F4xx_HAL_Driver/Inc/stm32f4xx_hal_rcc_ex.h:2059:50: note: in expansion of macro 'uint32_t'
 2059 |                                             __IO uint32_t tmpreg = 0x00U; \
      |                                                  ^~~~~~~~
../Core/Src/main.c:283:3: note: in expansion of macro '__HAL_RCC_GPIOD_CLK_ENABLE'
  283 |   __HAL_RCC_GPIOD_CLK_ENABLE();
      |   ^~~~~~~~~~~~~~~~~~~~~~~~~~
make: *** [Core/Src/subdir.mk:34: Core/Src/stm32f4xx_hal_msp.o] Error 1
../Core/Inc/main.h:34:18: warning: unused variable 'i' [-Wunused-variable]
   34 | #define uint32_t i, d;
      |                  ^
../Drivers/STM32F4xx_HAL_Driver/Inc/stm32f4xx_hal_rcc_ex.h:2059:50: note: in expansion of macro 'uint32_t'
 2059 |                                             __IO uint32_t tmpreg = 0x00U; \
      |                                                  ^~~~~~~~
../Core/Src/main.c:283:3: note: in expansion of macro '__HAL_RCC_GPIOD_CLK_ENABLE'
  283 |   __HAL_RCC_GPIOD_CLK_ENABLE();
      |   ^~~~~~~~~~~~~~~~~~~~~~~~~~
make: *** Waiting for unfinished jobs....
make: *** [Core/Src/subdir.mk:34: Core/Src/main.o] Error 1
"make -j12 all" terminated with exit code 2. Build might be incomplete.
21:54:29 **** Incremental Build of configuration Debug for project test_PWM ****
make -j12 all 
arm-none-eabi-gcc "../Core/Src/main.c" -mcpu=cortex-m4 -std=gnu11 -g3 -DDEBUG -DUSE_HAL_DRIVER -DSTM32F407xx -c -I../Core/Inc -I../Drivers/STM32F4xx_HAL_Driver/Inc -I../Drivers/STM32F4xx_HAL_Driver/Inc/Legacy -I../Drivers/CMSIS/Device/ST/STM32F4xx/Include -I../Drivers/CMSIS/Include -O0 -ffunction-sections -fdata-sections -Wall -fstack-usage -fcyclomatic-complexity -MMD -MP -MF"Core/Src/main.d" -MT"Core/Src/main.o" --specs=nano.specs -mfpu=fpv4-sp-d16 -mfloat-abi=hard -mthumb -o "Core/Src/main.o"
arm-none-eabi-gcc "../Core/Src/stm32f4xx_hal_msp.c" -mcpu=cortex-m4 -std=gnu11 -g3 -DDEBUG -DUSE_HAL_DRIVER -DSTM32F407xx -c -I../Core/Inc -I../Drivers/STM32F4xx_HAL_Driver/Inc -I../Drivers/STM32F4xx_HAL_Driver/Inc/Legacy -I../Drivers/CMSIS/Device/ST/STM32F4xx/Include -I../Drivers/CMSIS/Include -O0 -ffunction-sections -fdata-sections -Wall -fstack-usage -fcyclomatic-complexity -MMD -MP -MF"Core/Src/stm32f4xx_hal_msp.d" -MT"Core/Src/stm32f4xx_hal_msp.o" --specs=nano.specs -mfpu=fpv4-sp-d16 -mfloat-abi=hard -mthumb -o "Core/Src/stm32f4xx_hal_msp.o"
arm-none-eabi-gcc "../Core/Src/stm32f4xx_it.c" -mcpu=cortex-m4 -std=gnu11 -g3 -DDEBUG -DUSE_HAL_DRIVER -DSTM32F407xx -c -I../Core/Inc -I../Drivers/STM32F4xx_HAL_Driver/Inc -I../Drivers/STM32F4xx_HAL_Driver/Inc/Legacy -I../Drivers/CMSIS/Device/ST/STM32F4xx/Include -I../Drivers/CMSIS/Include -O0 -ffunction-sections -fdata-sections -Wall -fstack-usage -fcyclomatic-complexity -MMD -MP -MF"Core/Src/stm32f4xx_it.d" -MT"Core/Src/stm32f4xx_it.o" --specs=nano.specs -mfpu=fpv4-sp-d16 -mfloat-abi=hard -mthumb -o "Core/Src/stm32f4xx_it.o"
../Core/Src/main.c: In function 'main':
../Core/Src/main.c:73:17: warning: unused variable 'tim6_counter' [-Wunused-variable]
   73 |         uint8_t tim6_counter = 0;
      |                 ^~~~~~~~~~~~
../Core/Src/main.c:72:21: warning: unused variable 'd' [-Wunused-variable]
   72 |         uint32_t i, d;
      |                     ^
../Core/Src/main.c:72:18: warning: unused variable 'i' [-Wunused-variable]
   72 |         uint32_t i, d;
      |                  ^
arm-none-eabi-gcc -o "test_PWM.elf" @"objects.list"   -mcpu=cortex-m4 -T"C:\Users\stoluzarov\Documents\stm32\projects\test_PWM\STM32F407VGTX_FLASH.ld" --specs=nosys.specs -Wl,-Map="test_PWM.map" -Wl,--gc-sections -static --specs=nano.specs -mfpu=fpv4-sp-d16 -mfloat-abi=hard -mthumb -Wl,--start-group -lc -lm -Wl,--end-group
C:/ST/STM32CubeIDE_2.0.0/STM32CubeIDE/plugins/com.st.stm32cube.ide.mcu.externaltools.gnu-tools-for-stm32.13.3.rel1.win32_1.0.100.202509120712/tools/bin/../lib/gcc/arm-none-eabi/13.3.1/../../../../arm-none-eabi/bin/ld.exe: warning: test_PWM.elf has a LOAD segment with RWX permissions
C:/ST/STM32CubeIDE_2.0.0/STM32CubeIDE/plugins/com.st.stm32cube.ide.mcu.externaltools.gnu-tools-for-stm32.13.3.rel1.win32_1.0.100.202509120712/tools/bin/../lib/gcc/arm-none-eabi/13.3.1/../../../../arm-none-eabi/bin/ld.exe: ./Core/Src/stm32f4xx_it.o: in function `TIM6_DAC_IRQHandler':
C:/Users/stoluzarov/Documents/stm32/projects/test_PWM/Debug/../Core/Src/stm32f4xx_it.c:257:(.text.TIM6_DAC_IRQHandler+0x15c): undefined reference to `tim6_counter'
C:/ST/STM32CubeIDE_2.0.0/STM32CubeIDE/plugins/com.st.stm32cube.ide.mcu.externaltools.gnu-tools-for-stm32.13.3.rel1.win32_1.0.100.202509120712/tools/bin/../lib/gcc/arm-none-eabi/13.3.1/../../../../arm-none-eabi/bin/ld.exe: C:/Users/stoluzarov/Documents/stm32/projects/test_PWM/Debug/../Core/Src/stm32f4xx_it.c:257:(.text.TIM6_DAC_IRQHandler+0x164): undefined reference to `i'
C:/ST/STM32CubeIDE_2.0.0/STM32CubeIDE/plugins/com.st.stm32cube.ide.mcu.externaltools.gnu-tools-for-stm32.13.3.rel1.win32_1.0.100.202509120712/tools/bin/../lib/gcc/arm-none-eabi/13.3.1/../../../../arm-none-eabi/bin/ld.exe: C:/Users/stoluzarov/Documents/stm32/projects/test_PWM/Debug/../Core/Src/stm32f4xx_it.c:257:(.text.TIM6_DAC_IRQHandler+0x16c): undefined reference to `d'
collect2.exe: error: ld returned 1 exit status
make: *** [makefile:64: test_PWM.elf] Error 1
"make -j12 all" terminated with exit code 2. Build might be incomplete.
21:58:21 **** Incremental Build of configuration Debug for project test_PWM ****
make -j12 all 
arm-none-eabi-gcc "../Core/Src/main.c" -mcpu=cortex-m4 -std=gnu11 -g3 -DDEBUG -DUSE_HAL_DRIVER -DSTM32F407xx -c -I../Core/Inc -I../Drivers/STM32F4xx_HAL_Driver/Inc -I../Drivers/STM32F4xx_HAL_Driver/Inc/Legacy -I../Drivers/CMSIS/Device/ST/STM32F4xx/Include -I../Drivers/CMSIS/Include -O0 -ffunction-sections -fdata-sections -Wall -fstack-usage -fcyclomatic-complexity -MMD -MP -MF"Core/Src/main.d" -MT"Core/Src/main.o" --specs=nano.specs -mfpu=fpv4-sp-d16 -mfloat-abi=hard -mthumb -o "Core/Src/main.o"
arm-none-eabi-gcc "../Core/Src/stm32f4xx_hal_msp.c" -mcpu=cortex-m4 -std=gnu11 -g3 -DDEBUG -DUSE_HAL_DRIVER -DSTM32F407xx -c -I../Core/Inc -I../Drivers/STM32F4xx_HAL_Driver/Inc -I../Drivers/STM32F4xx_HAL_Driver/Inc/Legacy -I../Drivers/CMSIS/Device/ST/STM32F4xx/Include -I../Drivers/CMSIS/Include -O0 -ffunction-sections -fdata-sections -Wall -fstack-usage -fcyclomatic-complexity -MMD -MP -MF"Core/Src/stm32f4xx_hal_msp.d" -MT"Core/Src/stm32f4xx_hal_msp.o" --specs=nano.specs -mfpu=fpv4-sp-d16 -mfloat-abi=hard -mthumb -o "Core/Src/stm32f4xx_hal_msp.o"
arm-none-eabi-gcc "../Core/Src/stm32f4xx_it.c" -mcpu=cortex-m4 -std=gnu11 -g3 -DDEBUG -DUSE_HAL_DRIVER -DSTM32F407xx -c -I../Core/Inc -I../Drivers/STM32F4xx_HAL_Driver/Inc -I../Drivers/STM32F4xx_HAL_Driver/Inc/Legacy -I../Drivers/CMSIS/Device/ST/STM32F4xx/Include -I../Drivers/CMSIS/Include -O0 -ffunction-sections -fdata-sections -Wall -fstack-usage -fcyclomatic-complexity -MMD -MP -MF"Core/Src/stm32f4xx_it.d" -MT"Core/Src/stm32f4xx_it.o" --specs=nano.specs -mfpu=fpv4-sp-d16 -mfloat-abi=hard -mthumb -o "Core/Src/stm32f4xx_it.o"
../Core/Src/main.c: In function 'main':
../Core/Src/main.c:72:25: error: expected ';' before 'HAL_Init'
   72 |         tim6_counter = 0
      |                         ^
      |                         ;
......
   78 |   HAL_Init();
      |   ~~~~~~~~               
make: *** [Core/Src/subdir.mk:34: Core/Src/main.o] Error 1
make: *** Waiting for unfinished jobs....
"make -j12 all" terminated with exit code 2. Build might be incomplete.
21:58:37 **** Incremental Build of configuration Debug for project test_PWM ****
make -j12 all 
arm-none-eabi-gcc "../Core/Src/main.c" -mcpu=cortex-m4 -std=gnu11 -g3 -DDEBUG -DUSE_HAL_DRIVER -DSTM32F407xx -c -I../Core/Inc -I../Drivers/STM32F4xx_HAL_Driver/Inc -I../Drivers/STM32F4xx_HAL_Driver/Inc/Legacy -I../Drivers/CMSIS/Device/ST/STM32F4xx/Include -I../Drivers/CMSIS/Include -O0 -ffunction-sections -fdata-sections -Wall -fstack-usage -fcyclomatic-complexity -MMD -MP -MF"Core/Src/main.d" -MT"Core/Src/main.o" --specs=nano.specs -mfpu=fpv4-sp-d16 -mfloat-abi=hard -mthumb -o "Core/Src/main.o"
arm-none-eabi-gcc -o "test_PWM.elf" @"objects.list"   -mcpu=cortex-m4 -T"C:\Users\stoluzarov\Documents\stm32\projects\test_PWM\STM32F407VGTX_FLASH.ld" --specs=nosys.specs -Wl,-Map="test_PWM.map" -Wl,--gc-sections -static --specs=nano.specs -mfpu=fpv4-sp-d16 -mfloat-abi=hard -mthumb -Wl,--start-group -lc -lm -Wl,--end-group
C:/ST/STM32CubeIDE_2.0.0/STM32CubeIDE/plugins/com.st.stm32cube.ide.mcu.externaltools.gnu-tools-for-stm32.13.3.rel1.win32_1.0.100.202509120712/tools/bin/../lib/gcc/arm-none-eabi/13.3.1/../../../../arm-none-eabi/bin/ld.exe: ./Core/Src/stm32f4xx_hal_msp.o:C:/Users/stoluzarov/Documents/stm32/projects/test_PWM/Debug/../Core/Inc/main.h:35: multiple definition of `i'; ./Core/Src/main.o:C:/Users/stoluzarov/Documents/stm32/projects/test_PWM/Debug/../Core/Inc/main.h:35: first defined here
C:/ST/STM32CubeIDE_2.0.0/STM32CubeIDE/plugins/com.st.stm32cube.ide.mcu.externaltools.gnu-tools-for-stm32.13.3.rel1.win32_1.0.100.202509120712/tools/bin/../lib/gcc/arm-none-eabi/13.3.1/../../../../arm-none-eabi/bin/ld.exe: ./Core/Src/stm32f4xx_hal_msp.o:C:/Users/stoluzarov/Documents/stm32/projects/test_PWM/Debug/../Core/Inc/main.h:35: multiple definition of `d'; ./Core/Src/main.o:C:/Users/stoluzarov/Documents/stm32/projects/test_PWM/Debug/../Core/Inc/main.h:35: first defined here
C:/ST/STM32CubeIDE_2.0.0/STM32CubeIDE/plugins/com.st.stm32cube.ide.mcu.externaltools.gnu-tools-for-stm32.13.3.rel1.win32_1.0.100.202509120712/tools/bin/../lib/gcc/arm-none-eabi/13.3.1/../../../../arm-none-eabi/bin/ld.exe: ./Core/Src/stm32f4xx_hal_msp.o:C:/Users/stoluzarov/Documents/stm32/projects/test_PWM/Debug/../Core/Inc/main.h:36: multiple definition of `tim6_counter'; ./Core/Src/main.o:C:/Users/stoluzarov/Documents/stm32/projects/test_PWM/Debug/../Core/Inc/main.h:36: first defined here
C:/ST/STM32CubeIDE_2.0.0/STM32CubeIDE/plugins/com.st.stm32cube.ide.mcu.externaltools.gnu-tools-for-stm32.13.3.rel1.win32_1.0.100.202509120712/tools/bin/../lib/gcc/arm-none-eabi/13.3.1/../../../../arm-none-eabi/bin/ld.exe: ./Core/Src/stm32f4xx_it.o:C:/Users/stoluzarov/Documents/stm32/projects/test_PWM/Debug/../Core/Inc/main.h:35: multiple definition of `i'; ./Core/Src/main.o:C:/Users/stoluzarov/Documents/stm32/projects/test_PWM/Debug/../Core/Inc/main.h:35: first defined here
C:/ST/STM32CubeIDE_2.0.0/STM32CubeIDE/plugins/com.st.stm32cube.ide.mcu.externaltools.gnu-tools-for-stm32.13.3.rel1.win32_1.0.100.202509120712/tools/bin/../lib/gcc/arm-none-eabi/13.3.1/../../../../arm-none-eabi/bin/ld.exe: ./Core/Src/stm32f4xx_it.o:C:/Users/stoluzarov/Documents/stm32/projects/test_PWM/Debug/../Core/Inc/main.h:35: multiple definition of `d'; ./Core/Src/main.o:C:/Users/stoluzarov/Documents/stm32/projects/test_PWM/Debug/../Core/Inc/main.h:35: first defined here
C:/ST/STM32CubeIDE_2.0.0/STM32CubeIDE/plugins/com.st.stm32cube.ide.mcu.externaltools.gnu-tools-for-stm32.13.3.rel1.win32_1.0.100.202509120712/tools/bin/../lib/gcc/arm-none-eabi/13.3.1/../../../../arm-none-eabi/bin/ld.exe: ./Core/Src/stm32f4xx_it.o:C:/Users/stoluzarov/Documents/stm32/projects/test_PWM/Debug/../Core/Inc/main.h:36: multiple definition of `tim6_counter'; ./Core/Src/main.o:C:/Users/stoluzarov/Documents/stm32/projects/test_PWM/Debug/../Core/Inc/main.h:36: first defined here
C:/ST/STM32CubeIDE_2.0.0/STM32CubeIDE/plugins/com.st.stm32cube.ide.mcu.externaltools.gnu-tools-for-stm32.13.3.rel1.win32_1.0.100.202509120712/tools/bin/../lib/gcc/arm-none-eabi/13.3.1/../../../../arm-none-eabi/bin/ld.exe: warning: test_PWM.elf has a LOAD segment with RWX permissions
collect2.exe: error: ld returned 1 exit status
make: *** [makefile:64: test_PWM.elf] Error 1
"make -j12 all" terminated with exit code 2. Build might be incomplete.
22:03:11 **** Incremental Build of configuration Debug for project test_PWM ****
make -j12 all 
arm-none-eabi-gcc "../Core/Src/main.c" -mcpu=cortex-m4 -std=gnu11 -g3 -DDEBUG -DUSE_HAL_DRIVER -DSTM32F407xx -c -I../Core/Inc -I../Drivers/STM32F4xx_HAL_Driver/Inc -I../Drivers/STM32F4xx_HAL_Driver/Inc/Legacy -I../Drivers/CMSIS/Device/ST/STM32F4xx/Include -I../Drivers/CMSIS/Include -O0 -ffunction-sections -fdata-sections -Wall -fstack-usage -fcyclomatic-complexity -MMD -MP -MF"Core/Src/main.d" -MT"Core/Src/main.o" --specs=nano.specs -mfpu=fpv4-sp-d16 -mfloat-abi=hard -mthumb -o "Core/Src/main.o"
arm-none-eabi-gcc "../Core/Src/stm32f4xx_hal_msp.c" -mcpu=cortex-m4 -std=gnu11 -g3 -DDEBUG -DUSE_HAL_DRIVER -DSTM32F407xx -c -I../Core/Inc -I../Drivers/STM32F4xx_HAL_Driver/Inc -I../Drivers/STM32F4xx_HAL_Driver/Inc/Legacy -I../Drivers/CMSIS/Device/ST/STM32F4xx/Include -I../Drivers/CMSIS/Include -O0 -ffunction-sections -fdata-sections -Wall -fstack-usage -fcyclomatic-complexity -MMD -MP -MF"Core/Src/stm32f4xx_hal_msp.d" -MT"Core/Src/stm32f4xx_hal_msp.o" --specs=nano.specs -mfpu=fpv4-sp-d16 -mfloat-abi=hard -mthumb -o "Core/Src/stm32f4xx_hal_msp.o"
arm-none-eabi-gcc "../Core/Src/stm32f4xx_it.c" -mcpu=cortex-m4 -std=gnu11 -g3 -DDEBUG -DUSE_HAL_DRIVER -DSTM32F407xx -c -I../Core/Inc -I../Drivers/STM32F4xx_HAL_Driver/Inc -I../Drivers/STM32F4xx_HAL_Driver/Inc/Legacy -I../Drivers/CMSIS/Device/ST/STM32F4xx/Include -I../Drivers/CMSIS/Include -O0 -ffunction-sections -fdata-sections -Wall -fstack-usage -fcyclomatic-complexity -MMD -MP -MF"Core/Src/stm32f4xx_it.d" -MT"Core/Src/stm32f4xx_it.o" --specs=nano.specs -mfpu=fpv4-sp-d16 -mfloat-abi=hard -mthumb -o "Core/Src/stm32f4xx_it.o"
arm-none-eabi-gcc -o "test_PWM.elf" @"objects.list"   -mcpu=cortex-m4 -T"C:\Users\stoluzarov\Documents\stm32\projects\test_PWM\STM32F407VGTX_FLASH.ld" --specs=nosys.specs -Wl,-Map="test_PWM.map" -Wl,--gc-sections -static --specs=nano.specs -mfpu=fpv4-sp-d16 -mfloat-abi=hard -mthumb -Wl,--start-group -lc -lm -Wl,--end-group
C:/ST/STM32CubeIDE_2.0.0/STM32CubeIDE/plugins/com.st.stm32cube.ide.mcu.externaltools.gnu-tools-for-stm32.13.3.rel1.win32_1.0.100.202509120712/tools/bin/../lib/gcc/arm-none-eabi/13.3.1/../../../../arm-none-eabi/bin/ld.exe: warning: test_PWM.elf has a LOAD segment with RWX permissions
Finished building target: test_PWM.elf
 
arm-none-eabi-size  test_PWM.elf 
arm-none-eabi-objdump -h -S test_PWM.elf  > "test_PWM.list"
   text	   data	    bss	    dec	    hex	filename
  11540	     20	   1724	  13284	   33e4	test_PWM.elf
Finished building: default.size.stdout
 
Finished building: test_PWM.list
 
22:06:24 **** Incremental Build of configuration Debug for project test_PWM ****
make -j12 all 
arm-none-eabi-gcc "../Core/Src/main.c" -mcpu=cortex-m4 -std=gnu11 -g3 -DDEBUG -DUSE_HAL_DRIVER -DSTM32F407xx -c -I../Core/Inc -I../Drivers/STM32F4xx_HAL_Driver/Inc -I../Drivers/STM32F4xx_HAL_Driver/Inc/Legacy -I../Drivers/CMSIS/Device/ST/STM32F4xx/Include -I../Drivers/CMSIS/Include -O0 -ffunction-sections -fdata-sections -Wall -fstack-usage -fcyclomatic-complexity -MMD -MP -MF"Core/Src/main.d" -MT"Core/Src/main.o" --specs=nano.specs -mfpu=fpv4-sp-d16 -mfloat-abi=hard -mthumb -o "Core/Src/main.o"
arm-none-eabi-gcc "../Core/Src/stm32f4xx_hal_msp.c" -mcpu=cortex-m4 -std=gnu11 -g3 -DDEBUG -DUSE_HAL_DRIVER -DSTM32F407xx -c -I../Core/Inc -I../Drivers/STM32F4xx_HAL_Driver/Inc -I../Drivers/STM32F4xx_HAL_Driver/Inc/Legacy -I../Drivers/CMSIS/Device/ST/STM32F4xx/Include -I../Drivers/CMSIS/Include -O0 -ffunction-sections -fdata-sections -Wall -fstack-usage -fcyclomatic-complexity -MMD -MP -MF"Core/Src/stm32f4xx_hal_msp.d" -MT"Core/Src/stm32f4xx_hal_msp.o" --specs=nano.specs -mfpu=fpv4-sp-d16 -mfloat-abi=hard -mthumb -o "Core/Src/stm32f4xx_hal_msp.o"
arm-none-eabi-gcc "../Core/Src/stm32f4xx_it.c" -mcpu=cortex-m4 -std=gnu11 -g3 -DDEBUG -DUSE_HAL_DRIVER -DSTM32F407xx -c -I../Core/Inc -I../Drivers/STM32F4xx_HAL_Driver/Inc -I../Drivers/STM32F4xx_HAL_Driver/Inc/Legacy -I../Drivers/CMSIS/Device/ST/STM32F4xx/Include -I../Drivers/CMSIS/Include -O0 -ffunction-sections -fdata-sections -Wall -fstack-usage -fcyclomatic-complexity -MMD -MP -MF"Core/Src/stm32f4xx_it.d" -MT"Core/Src/stm32f4xx_it.o" --specs=nano.specs -mfpu=fpv4-sp-d16 -mfloat-abi=hard -mthumb -o "Core/Src/stm32f4xx_it.o"
arm-none-eabi-gcc -o "test_PWM.elf" @"objects.list"   -mcpu=cortex-m4 -T"C:\Users\stoluzarov\Documents\stm32\projects\test_PWM\STM32F407VGTX_FLASH.ld" --specs=nosys.specs -Wl,-Map="test_PWM.map" -Wl,--gc-sections -static --specs=nano.specs -mfpu=fpv4-sp-d16 -mfloat-abi=hard -mthumb -Wl,--start-group -lc -lm -Wl,--end-group
C:/ST/STM32CubeIDE_2.0.0/STM32CubeIDE/plugins/com.st.stm32cube.ide.mcu.externaltools.gnu-tools-for-stm32.13.3.rel1.win32_1.0.100.202509120712/tools/bin/../lib/gcc/arm-none-eabi/13.3.1/../../../../arm-none-eabi/bin/ld.exe: warning: test_PWM.elf has a LOAD segment with RWX permissions
Finished building target: test_PWM.elf
 
arm-none-eabi-size  test_PWM.elf 
arm-none-eabi-objdump -h -S test_PWM.elf  > "test_PWM.list"
   text	   data	    bss	    dec	    hex	filename
  11376	     20	   1716	  13112	   3338	test_PWM.elf
Finished building: default.size.stdout
 
Finished building: test_PWM.list
 
